../Core/Startup/Src/am1008w_k_i2c.c:24:6:am1008w_k_i2c_begin	16	static
../Core/Startup/Src/am1008w_k_i2c.c:28:9:am1008w_k_i2c_send_command_data	40	static
../Core/Startup/Src/am1008w_k_i2c.c:48:9:am1008w_k_i2c_pm_sensor_mode_close	8	static
../Core/Startup/Src/am1008w_k_i2c.c:52:9:am1008w_k_i2c_pm_sensor_mode_open	8	static
../Core/Startup/Src/am1008w_k_i2c.c:56:9:am1008w_k_i2c_pm_sensor_mode_single_measurement	16	static
../Core/Startup/Src/am1008w_k_i2c.c:60:9:am1008w_k_i2c_pm_sensor_mode_continuously_measurement	8	static
../Core/Startup/Src/am1008w_k_i2c.c:64:9:am1008w_k_i2c_pm_sensor_mode_timing_measurement	16	static
../Core/Startup/Src/am1008w_k_i2c.c:68:9:am1008w_k_i2c_pm_sensor_mode_dynamic_measurement	8	static
../Core/Startup/Src/am1008w_k_i2c.c:72:9:am1008w_k_i2c_set_pm_coefficient	16	static
../Core/Startup/Src/am1008w_k_i2c.c:76:9:am1008w_k_i2c_calibrate_co2	16	static
../Core/Startup/Src/am1008w_k_i2c.c:80:9:am1008w_k_i2c_read_data_command	24	static
../Core/Startup/Src/am1008w_k_i2c.c:119:9:am1008w_k_i2c_get_pm_operation_mode	4	static
../Core/Startup/Src/am1008w_k_i2c.c:123:10:am1008w_k_i2c_get_co2	4	static
../Core/Startup/Src/am1008w_k_i2c.c:127:10:am1008w_k_i2c_get_voc	4	static
../Core/Startup/Src/am1008w_k_i2c.c:131:5:am1008w_k_i2c_get_humidity	4	static
../Core/Startup/Src/am1008w_k_i2c.c:135:5:am1008w_k_i2c_get_temperature	4	static
../Core/Startup/Src/am1008w_k_i2c.c:139:10:am1008w_k_i2c_get_pm1p0	4	static
../Core/Startup/Src/am1008w_k_i2c.c:143:10:am1008w_k_i2c_get_pm2p5	4	static
../Core/Startup/Src/am1008w_k_i2c.c:147:10:am1008w_k_i2c_get_pm10	4	static
../Core/Startup/Src/am1008w_k_i2c.c:151:10:am1008w_k_i2c_get_voc_now_r_ref_r	4	static
../Core/Startup/Src/am1008w_k_i2c.c:155:10:am1008w_k_i2c_get_voc_ref_r	4	static
../Core/Startup/Src/am1008w_k_i2c.c:159:10:am1008w_k_i2c_get_voc_now_r	4	static
../Core/Startup/Src/am1008w_k_i2c.c:163:22:am1008w_k_i2c_get_pm_sensor_status_alarm	4	static
