17:39:44 **** Incremental Build of configuration Debug for project 20240717_AM1008K ****
make -j12 all 
arm-none-eabi-gcc "../Core/Src/am1008w_k_i2c.c" -mcpu=cortex-m3 -std=gnu11 -g3 -DDEBUG -DUSE_HAL_DRIVER -DSTM32F103xB -c -I../Core/Inc -I../Drivers/STM32F1xx_HAL_Driver/Inc/Legacy -I../Drivers/STM32F1xx_HAL_Driver/Inc -I../Drivers/CMSIS/Device/ST/STM32F1xx/Include -I../Drivers/CMSIS/Include -O0 -ffunction-sections -fdata-sections -Wall -fstack-usage -fcyclomatic-complexity -MMD -MP -MF"Core/Src/am1008w_k_i2c.d" -MT"Core/Src/am1008w_k_i2c.o" --specs=nano.specs -mfloat-abi=soft -mthumb -o "Core/Src/am1008w_k_i2c.o"
../Core/Src/am1008w_k_i2c.c: In function 'am1008w_k_i2c_read_data_command':
../Core/Src/am1008w_k_i2c.c:106:38: error: 'data' undeclared (first use in this function)
  106 |     _humidity = ((_buffer[7] << 8) + data[8]);
      |                                      ^~~~
../Core/Src/am1008w_k_i2c.c:106:38: note: each undeclared identifier is reported only once for each function it appears in
../Core/Src/am1008w_k_i2c.c:84:13: warning: unused variable 'idx' [-Wunused-variable]
   84 |     uint8_t idx = 0;
      |             ^~~
make: *** [Core/Src/subdir.mk:37: Core/Src/am1008w_k_i2c.o] Error 1
"make -j12 all" terminated with exit code 2. Build might be incomplete.
17:39:56 **** Incremental Build of configuration Debug for project 20240717_AM1008K ****
make -j12 all 
arm-none-eabi-gcc "../Core/Src/am1008w_k_i2c.c" -mcpu=cortex-m3 -std=gnu11 -g3 -DDEBUG -DUSE_HAL_DRIVER -DSTM32F103xB -c -I../Core/Inc -I../Drivers/STM32F1xx_HAL_Driver/Inc/Legacy -I../Drivers/STM32F1xx_HAL_Driver/Inc -I../Drivers/CMSIS/Device/ST/STM32F1xx/Include -I../Drivers/CMSIS/Include -O0 -ffunction-sections -fdata-sections -Wall -fstack-usage -fcyclomatic-complexity -MMD -MP -MF"Core/Src/am1008w_k_i2c.d" -MT"Core/Src/am1008w_k_i2c.o" --specs=nano.specs -mfloat-abi=soft -mthumb -o "Core/Src/am1008w_k_i2c.o"
../Core/Src/am1008w_k_i2c.c: In function 'am1008w_k_i2c_read_data_command':
../Core/Src/am1008w_k_i2c.c:84:13: warning: unused variable 'idx' [-Wunused-variable]
   84 |     uint8_t idx = 0;
      |             ^~~
arm-none-eabi-gcc -o "20240717_AM1008K.elf" @"objects.list"   -mcpu=cortex-m3 -T"C:\Users\Yoon\Desktop\Git\STM32\FirstClass\20240717_AM1008K\STM32F103C8TX_FLASH.ld" --specs=nosys.specs -Wl,-Map="20240717_AM1008K.map" -Wl,--gc-sections -static --specs=nano.specs -mfloat-abi=soft -mthumb -Wl,--start-group -lc -lm -Wl,--end-group
Finished building target: 20240717_AM1008K.elf
 
arm-none-eabi-size  20240717_AM1008K.elf 
arm-none-eabi-objdump -h -S 20240717_AM1008K.elf  > "20240717_AM1008K.list"
   text	   data	    bss	    dec	    hex	filename
  12476	     92	   2124	  14692	   3964	20240717_AM1008K.elf
Finished building: default.size.stdout
 
Finished building: 20240717_AM1008K.list
 
13:51:59 **** Incremental Build of configuration Debug for project 20240717_AM1008K ****
make -j12 all 
arm-none-eabi-gcc "../Core/Src/stm32f1xx_hal_msp.c" -mcpu=cortex-m3 -std=gnu11 -g3 -DDEBUG -DUSE_HAL_DRIVER -DSTM32F103xB -c -I../Core/Inc -I../Drivers/STM32F1xx_HAL_Driver/Inc/Legacy -I../Drivers/STM32F1xx_HAL_Driver/Inc -I../Drivers/CMSIS/Device/ST/STM32F1xx/Include -I../Drivers/CMSIS/Include -O0 -ffunction-sections -fdata-sections -Wall -fstack-usage -fcyclomatic-complexity -MMD -MP -MF"Core/Src/stm32f1xx_hal_msp.d" -MT"Core/Src/stm32f1xx_hal_msp.o" --specs=nano.specs -mfloat-abi=soft -mthumb -o "Core/Src/stm32f1xx_hal_msp.o"
arm-none-eabi-gcc -o "20240717_AM1008K.elf" @"objects.list"   -mcpu=cortex-m3 -T"C:\Users\Yoon\Desktop\Git\STM32\FirstClass\20240717_AM1008K\STM32F103C8TX_FLASH.ld" --specs=nosys.specs -Wl,-Map="20240717_AM1008K.map" -Wl,--gc-sections -static --specs=nano.specs -mfloat-abi=soft -mthumb -Wl,--start-group -lc -lm -Wl,--end-group
Finished building target: 20240717_AM1008K.elf
 
arm-none-eabi-size  20240717_AM1008K.elf 
arm-none-eabi-objdump -h -S 20240717_AM1008K.elf  > "20240717_AM1008K.list"
   text	   data	    bss	    dec	    hex	filename
  12452	     92	   2124	  14668	   394c	20240717_AM1008K.elf
Finished building: default.size.stdout
 
Finished building: 20240717_AM1008K.list
 
19:29:19 **** Incremental Build of configuration Debug for project 20240717_AM1008K ****
make -j12 all 
arm-none-eabi-gcc "../Core/Startup/Src/am1008w_k_i2c.c" -mcpu=cortex-m3 -std=gnu11 -g3 -DDEBUG -DUSE_HAL_DRIVER -DSTM32F103xB -c -I../Core/Inc -I../Drivers/STM32F1xx_HAL_Driver/Inc/Legacy -I../Drivers/STM32F1xx_HAL_Driver/Inc -I../Drivers/CMSIS/Device/ST/STM32F1xx/Include -I../Drivers/CMSIS/Include -O0 -ffunction-sections -fdata-sections -Wall -fstack-usage -fcyclomatic-complexity -MMD -MP -MF"Core/Startup/Src/am1008w_k_i2c.d" -MT"Core/Startup/Src/am1008w_k_i2c.o" --specs=nano.specs -mfloat-abi=soft -mthumb -o "Core/Startup/Src/am1008w_k_i2c.o"
arm-none-eabi-gcc "../Core/Startup/Src/main.c" -mcpu=cortex-m3 -std=gnu11 -g3 -DDEBUG -DUSE_HAL_DRIVER -DSTM32F103xB -c -I../Core/Inc -I../Drivers/STM32F1xx_HAL_Driver/Inc/Legacy -I../Drivers/STM32F1xx_HAL_Driver/Inc -I../Drivers/CMSIS/Device/ST/STM32F1xx/Include -I../Drivers/CMSIS/Include -O0 -ffunction-sections -fdata-sections -Wall -fstack-usage -fcyclomatic-complexity -MMD -MP -MF"Core/Startup/Src/main.d" -MT"Core/Startup/Src/main.o" --specs=nano.specs -mfloat-abi=soft -mthumb -o "Core/Startup/Src/main.o"
arm-none-eabi-gcc "../Core/Startup/Src/stm32f1xx_hal_msp.c" -mcpu=cortex-m3 -std=gnu11 -g3 -DDEBUG -DUSE_HAL_DRIVER -DSTM32F103xB -c -I../Core/Inc -I../Drivers/STM32F1xx_HAL_Driver/Inc/Legacy -I../Drivers/STM32F1xx_HAL_Driver/Inc -I../Drivers/CMSIS/Device/ST/STM32F1xx/Include -I../Drivers/CMSIS/Include -O0 -ffunction-sections -fdata-sections -Wall -fstack-usage -fcyclomatic-complexity -MMD -MP -MF"Core/Startup/Src/stm32f1xx_hal_msp.d" -MT"Core/Startup/Src/stm32f1xx_hal_msp.o" --specs=nano.specs -mfloat-abi=soft -mthumb -o "Core/Startup/Src/stm32f1xx_hal_msp.o"
arm-none-eabi-gcc "../Core/Startup/Src/stm32f1xx_it.c" -mcpu=cortex-m3 -std=gnu11 -g3 -DDEBUG -DUSE_HAL_DRIVER -DSTM32F103xB -c -I../Core/Inc -I../Drivers/STM32F1xx_HAL_Driver/Inc/Legacy -I../Drivers/STM32F1xx_HAL_Driver/Inc -I../Drivers/CMSIS/Device/ST/STM32F1xx/Include -I../Drivers/CMSIS/Include -O0 -ffunction-sections -fdata-sections -Wall -fstack-usage -fcyclomatic-complexity -MMD -MP -MF"Core/Startup/Src/stm32f1xx_it.d" -MT"Core/Startup/Src/stm32f1xx_it.o" --specs=nano.specs -mfloat-abi=soft -mthumb -o "Core/Startup/Src/stm32f1xx_it.o"
arm-none-eabi-gcc "../Core/Startup/Src/syscalls.c" -mcpu=cortex-m3 -std=gnu11 -g3 -DDEBUG -DUSE_HAL_DRIVER -DSTM32F103xB -c -I../Core/Inc -I../Drivers/STM32F1xx_HAL_Driver/Inc/Legacy -I../Drivers/STM32F1xx_HAL_Driver/Inc -I../Drivers/CMSIS/Device/ST/STM32F1xx/Include -I../Drivers/CMSIS/Include -O0 -ffunction-sections -fdata-sections -Wall -fstack-usage -fcyclomatic-complexity -MMD -MP -MF"Core/Startup/Src/syscalls.d" -MT"Core/Startup/Src/syscalls.o" --specs=nano.specs -mfloat-abi=soft -mthumb -o "Core/Startup/Src/syscalls.o"
arm-none-eabi-gcc "../Core/Startup/Src/sysmem.c" -mcpu=cortex-m3 -std=gnu11 -g3 -DDEBUG -DUSE_HAL_DRIVER -DSTM32F103xB -c -I../Core/Inc -I../Drivers/STM32F1xx_HAL_Driver/Inc/Legacy -I../Drivers/STM32F1xx_HAL_Driver/Inc -I../Drivers/CMSIS/Device/ST/STM32F1xx/Include -I../Drivers/CMSIS/Include -O0 -ffunction-sections -fdata-sections -Wall -fstack-usage -fcyclomatic-complexity -MMD -MP -MF"Core/Startup/Src/sysmem.d" -MT"Core/Startup/Src/sysmem.o" --specs=nano.specs -mfloat-abi=soft -mthumb -o "Core/Startup/Src/sysmem.o"
arm-none-eabi-gcc "../Core/Startup/Src/system_stm32f1xx.c" -mcpu=cortex-m3 -std=gnu11 -g3 -DDEBUG -DUSE_HAL_DRIVER -DSTM32F103xB -c -I../Core/Inc -I../Drivers/STM32F1xx_HAL_Driver/Inc/Legacy -I../Drivers/STM32F1xx_HAL_Driver/Inc -I../Drivers/CMSIS/Device/ST/STM32F1xx/Include -I../Drivers/CMSIS/Include -O0 -ffunction-sections -fdata-sections -Wall -fstack-usage -fcyclomatic-complexity -MMD -MP -MF"Core/Startup/Src/system_stm32f1xx.d" -MT"Core/Startup/Src/system_stm32f1xx.o" --specs=nano.specs -mfloat-abi=soft -mthumb -o "Core/Startup/Src/system_stm32f1xx.o"
arm-none-eabi-gcc "../Core/Src/main.c" -mcpu=cortex-m3 -std=gnu11 -g3 -DDEBUG -DUSE_HAL_DRIVER -DSTM32F103xB -c -I../Core/Inc -I../Drivers/STM32F1xx_HAL_Driver/Inc/Legacy -I../Drivers/STM32F1xx_HAL_Driver/Inc -I../Drivers/CMSIS/Device/ST/STM32F1xx/Include -I../Drivers/CMSIS/Include -O0 -ffunction-sections -fdata-sections -Wall -fstack-usage -fcyclomatic-complexity -MMD -MP -MF"Core/Src/main.d" -MT"Core/Src/main.o" --specs=nano.specs -mfloat-abi=soft -mthumb -o "Core/Src/main.o"
../Core/Startup/Src/am1008w_k_i2c.c: In function 'am1008w_k_i2c_read_data_command':
../Core/Startup/Src/am1008w_k_i2c.c:84:13: warning: unused variable 'idx' [-Wunused-variable]
   84 |     uint8_t idx = 0;
      |             ^~~
../Core/Startup/Src/main.c: In function 'main':
../Core/Startup/Src/main.c:99:3: warning: implicit declaration of function 'am1008w_k_i2c_begin' [-Wimplicit-function-declaration]
   99 |   am1008w_k_i2c_begin(&hi2c1);
      |   ^~~~~~~~~~~~~~~~~~~
../Core/Startup/Src/main.c:110:11: warning: implicit declaration of function 'am1008w_k_i2c_read_data_command' [-Wimplicit-function-declaration]
  110 |           am1008w_k_i2c_read_data_command();
      |           ^~~~~~~~~~~~~~~~~~~~~~~~~~~~~~~
../Core/Startup/Src/main.c:112:26: warning: implicit declaration of function 'am1008w_k_i2c_get_humidity' [-Wimplicit-function-declaration]
  112 |           int humidity = am1008w_k_i2c_get_humidity();
      |                          ^~~~~~~~~~~~~~~~~~~~~~~~~~
../Core/Startup/Src/main.c:113:29: warning: implicit declaration of function 'am1008w_k_i2c_get_temperature' [-Wimplicit-function-declaration]
  113 |           int temperature = am1008w_k_i2c_get_temperature();
      |                             ^~~~~~~~~~~~~~~~~~~~~~~~~~~~~
../Core/Startup/Src/main.c:115:26: warning: implicit declaration of function 'am1008w_k_i2c_get_voc' [-Wimplicit-function-declaration]
  115 |           uint16_t voc = am1008w_k_i2c_get_voc();
      |                          ^~~~~~~~~~~~~~~~~~~~~
../Core/Startup/Src/main.c:116:26: warning: implicit declaration of function 'am1008w_k_i2c_get_co2' [-Wimplicit-function-declaration]
  116 |           uint16_t co2 = am1008w_k_i2c_get_co2();
      |                          ^~~~~~~~~~~~~~~~~~~~~
../Core/Startup/Src/main.c:117:28: warning: implicit declaration of function 'am1008w_k_i2c_get_pm1p0' [-Wimplicit-function-declaration]
  117 |           uint16_t pm1p0 = am1008w_k_i2c_get_pm1p0();
      |                            ^~~~~~~~~~~~~~~~~~~~~~~
../Core/Startup/Src/main.c:118:28: warning: implicit declaration of function 'am1008w_k_i2c_get_pm2p5' [-Wimplicit-function-declaration]
  118 |           uint16_t pm2p5 = am1008w_k_i2c_get_pm2p5();
      |                            ^~~~~~~~~~~~~~~~~~~~~~~
../Core/Startup/Src/main.c:119:28: warning: implicit declaration of function 'am1008w_k_i2c_get_pm10' [-Wimplicit-function-declaration]
  119 |           uint16_t pm10  = am1008w_k_i2c_get_pm10();
      |                            ^~~~~~~~~~~~~~~~~~~~~~
../Core/Startup/Src/main.c:121:11: warning: implicit declaration of function 'sprintf' [-Wimplicit-function-declaration]
  121 |           sprintf(buffer, "Humidity: %d.%02d %%, Temperature: %d.%02d C\r\n",
      |           ^~~~~~~
../Core/Startup/Src/main.c:21:1: note: include '<stdio.h>' or provide a declaration of 'sprintf'
   20 | #include "main.h"
  +++ |+#include <stdio.h>
   21 | 
../Core/Startup/Src/main.c:121:11: warning: incompatible implicit declaration of built-in function 'sprintf' [-Wbuiltin-declaration-mismatch]
  121 |           sprintf(buffer, "Humidity: %d.%02d %%, Temperature: %d.%02d C\r\n",
      |           ^~~~~~~
../Core/Startup/Src/main.c:121:11: note: include '<stdio.h>' or provide a declaration of 'sprintf'
../Core/Startup/Src/main.c:124:56: warning: implicit declaration of function 'strlen' [-Wimplicit-function-declaration]
  124 |           HAL_UART_Transmit(&huart1, (uint8_t*)buffer, strlen(buffer), 1000);
      |                                                        ^~~~~~
../Core/Startup/Src/main.c:21:1: note: include '<string.h>' or provide a declaration of 'strlen'
   20 | #include "main.h"
  +++ |+#include <string.h>
   21 | 
../Core/Startup/Src/main.c:124:56: warning: incompatible implicit declaration of built-in function 'strlen' [-Wbuiltin-declaration-mismatch]
  124 |           HAL_UART_Transmit(&huart1, (uint8_t*)buffer, strlen(buffer), 1000);
      |                                                        ^~~~~~
../Core/Startup/Src/main.c:124:56: note: include '<string.h>' or provide a declaration of 'strlen'
../Core/Src/main.c: In function 'main':
../Core/Src/main.c:99:3: warning: implicit declaration of function 'am1008w_k_i2c_begin' [-Wimplicit-function-declaration]
   99 |   am1008w_k_i2c_begin(&hi2c1);
      |   ^~~~~~~~~~~~~~~~~~~
../Core/Src/main.c:110:11: warning: implicit declaration of function 'am1008w_k_i2c_read_data_command' [-Wimplicit-function-declaration]
  110 |           am1008w_k_i2c_read_data_command();
      |           ^~~~~~~~~~~~~~~~~~~~~~~~~~~~~~~
../Core/Src/main.c:112:26: warning: implicit declaration of function 'am1008w_k_i2c_get_humidity' [-Wimplicit-function-declaration]
  112 |           int humidity = am1008w_k_i2c_get_humidity();
      |                          ^~~~~~~~~~~~~~~~~~~~~~~~~~
../Core/Src/main.c:113:29: warning: implicit declaration of function 'am1008w_k_i2c_get_temperature' [-Wimplicit-function-declaration]
  113 |           int temperature = am1008w_k_i2c_get_temperature();
      |                             ^~~~~~~~~~~~~~~~~~~~~~~~~~~~~
../Core/Src/main.c:115:26: warning: implicit declaration of function 'am1008w_k_i2c_get_voc' [-Wimplicit-function-declaration]
  115 |           uint16_t voc = am1008w_k_i2c_get_voc();
      |                          ^~~~~~~~~~~~~~~~~~~~~
../Core/Src/main.c:116:26: warning: implicit declaration of function 'am1008w_k_i2c_get_co2' [-Wimplicit-function-declaration]
  116 |           uint16_t co2 = am1008w_k_i2c_get_co2();
      |                          ^~~~~~~~~~~~~~~~~~~~~
../Core/Src/main.c:117:28: warning: implicit declaration of function 'am1008w_k_i2c_get_pm1p0' [-Wimplicit-function-declaration]
  117 |           uint16_t pm1p0 = am1008w_k_i2c_get_pm1p0();
      |                            ^~~~~~~~~~~~~~~~~~~~~~~
../Core/Src/main.c:118:28: warning: implicit declaration of function 'am1008w_k_i2c_get_pm2p5' [-Wimplicit-function-declaration]
  118 |           uint16_t pm2p5 = am1008w_k_i2c_get_pm2p5();
      |                            ^~~~~~~~~~~~~~~~~~~~~~~
../Core/Src/main.c:119:28: warning: implicit declaration of function 'am1008w_k_i2c_get_pm10' [-Wimplicit-function-declaration]
  119 |           uint16_t pm10  = am1008w_k_i2c_get_pm10();
      |                            ^~~~~~~~~~~~~~~~~~~~~~
../Core/Src/main.c:121:11: warning: implicit declaration of function 'sprintf' [-Wimplicit-function-declaration]
  121 |           sprintf(buffer, "Humidity: %d.%02d %%, Temperature: %d.%02d C\r\n",
      |           ^~~~~~~
../Core/Src/main.c:21:1: note: include '<stdio.h>' or provide a declaration of 'sprintf'
   20 | #include "main.h"
  +++ |+#include <stdio.h>
   21 | 
../Core/Src/main.c:121:11: warning: incompatible implicit declaration of built-in function 'sprintf' [-Wbuiltin-declaration-mismatch]
  121 |           sprintf(buffer, "Humidity: %d.%02d %%, Temperature: %d.%02d C\r\n",
      |           ^~~~~~~
../Core/Src/main.c:121:11: note: include '<stdio.h>' or provide a declaration of 'sprintf'
../Core/Src/main.c:124:56: warning: implicit declaration of function 'strlen' [-Wimplicit-function-declaration]
  124 |           HAL_UART_Transmit(&huart1, (uint8_t*)buffer, strlen(buffer), 1000);
      |                                                        ^~~~~~
../Core/Src/main.c:21:1: note: include '<string.h>' or provide a declaration of 'strlen'
   20 | #include "main.h"
  +++ |+#include <string.h>
   21 | 
../Core/Src/main.c:124:56: warning: incompatible implicit declaration of built-in function 'strlen' [-Wbuiltin-declaration-mismatch]
  124 |           HAL_UART_Transmit(&huart1, (uint8_t*)buffer, strlen(buffer), 1000);
      |                                                        ^~~~~~
../Core/Src/main.c:124:56: note: include '<string.h>' or provide a declaration of 'strlen'
arm-none-eabi-gcc -o "20240717_AM1008K.elf" @"objects.list"   -mcpu=cortex-m3 -T"C:\Users\Yoon\Desktop\Git\STM32\FirstClass\20240717_AM1008K\STM32F103C8TX_FLASH.ld" --specs=nosys.specs -Wl,-Map="20240717_AM1008K.map" -Wl,--gc-sections -static --specs=nano.specs -mfloat-abi=soft -mthumb -Wl,--start-group -lc -lm -Wl,--end-group
C:/ST/STM32CubeIDE_1.15.1/STM32CubeIDE/plugins/com.st.stm32cube.ide.mcu.externaltools.gnu-tools-for-stm32.12.3.rel1.win32_1.0.100.202403111256/tools/bin/../lib/gcc/arm-none-eabi/12.3.1/../../../../arm-none-eabi/bin/ld.exe: ./Core/Startup/Src/main.o:C:/Users/Yoon/Desktop/Git/STM32/FirstClass/20240717_AM1008K/Debug/../Core/Startup/Src/main.c:45: multiple definition of `hi2c1'; ./Core/Src/main.o:C:/Users/Yoon/Desktop/Git/STM32/FirstClass/20240717_AM1008K/Debug/../Core/Src/main.c:45: first defined here
C:/ST/STM32CubeIDE_1.15.1/STM32CubeIDE/plugins/com.st.stm32cube.ide.mcu.externaltools.gnu-tools-for-stm32.12.3.rel1.win32_1.0.100.202403111256/tools/bin/../lib/gcc/arm-none-eabi/12.3.1/../../../../arm-none-eabi/bin/ld.exe: ./Core/Startup/Src/main.o:C:/Users/Yoon/Desktop/Git/STM32/FirstClass/20240717_AM1008K/Debug/../Core/Startup/Src/main.c:47: multiple definition of `huart1'; ./Core/Src/main.o:C:/Users/Yoon/Desktop/Git/STM32/FirstClass/20240717_AM1008K/Debug/../Core/Src/main.c:47: first defined here
C:/ST/STM32CubeIDE_1.15.1/STM32CubeIDE/plugins/com.st.stm32cube.ide.mcu.externaltools.gnu-tools-for-stm32.12.3.rel1.win32_1.0.100.202403111256/tools/bin/../lib/gcc/arm-none-eabi/12.3.1/../../../../arm-none-eabi/bin/ld.exe: ./Core/Startup/Src/main.o: in function `main':
C:/Users/Yoon/Desktop/Git/STM32/FirstClass/20240717_AM1008K/Debug/../Core/Startup/Src/main.c:72: multiple definition of `main'; ./Core/Src/main.o:C:/Users/Yoon/Desktop/Git/STM32/FirstClass/20240717_AM1008K/Debug/../Core/Src/main.c:72: first defined here
C:/ST/STM32CubeIDE_1.15.1/STM32CubeIDE/plugins/com.st.stm32cube.ide.mcu.externaltools.gnu-tools-for-stm32.12.3.rel1.win32_1.0.100.202403111256/tools/bin/../lib/gcc/arm-none-eabi/12.3.1/../../../../arm-none-eabi/bin/ld.exe: ./Core/Startup/Src/main.o: in function `SystemClock_Config':
C:/Users/Yoon/Desktop/Git/STM32/FirstClass/20240717_AM1008K/Debug/../Core/Startup/Src/main.c:146: multiple definition of `SystemClock_Config'; ./Core/Src/main.o:C:/Users/Yoon/Desktop/Git/STM32/FirstClass/20240717_AM1008K/Debug/../Core/Src/main.c:146: first defined here
C:/ST/STM32CubeIDE_1.15.1/STM32CubeIDE/plugins/com.st.stm32cube.ide.mcu.externaltools.gnu-tools-for-stm32.12.3.rel1.win32_1.0.100.202403111256/tools/bin/../lib/gcc/arm-none-eabi/12.3.1/../../../../arm-none-eabi/bin/ld.exe: ./Core/Startup/Src/main.o: in function `Error_Handler':
C:/Users/Yoon/Desktop/Git/STM32/FirstClass/20240717_AM1008K/Debug/../Core/Startup/Src/main.c:271: multiple definition of `Error_Handler'; ./Core/Src/main.o:C:/Users/Yoon/Desktop/Git/STM32/FirstClass/20240717_AM1008K/Debug/../Core/Src/main.c:271: first defined here
collect2.exe: error: ld returned 1 exit status
make: *** [makefile:65: 20240717_AM1008K.elf] Error 1
"make -j12 all" terminated with exit code 2. Build might be incomplete.
19:29:49 **** Incremental Build of configuration Debug for project 20240717_AM1008K ****
make -j12 all 
arm-none-eabi-gcc "../Core/Startup/Src/am1008w_k_i2c.c" -mcpu=cortex-m3 -std=gnu11 -g3 -DDEBUG -DUSE_HAL_DRIVER -DSTM32F103xB -c -I../Core/Inc -I../Drivers/STM32F1xx_HAL_Driver/Inc/Legacy -I../Drivers/STM32F1xx_HAL_Driver/Inc -I../Drivers/CMSIS/Device/ST/STM32F1xx/Include -I../Drivers/CMSIS/Include -O0 -ffunction-sections -fdata-sections -Wall -fstack-usage -fcyclomatic-complexity -MMD -MP -MF"Core/Startup/Src/am1008w_k_i2c.d" -MT"Core/Startup/Src/am1008w_k_i2c.o" --specs=nano.specs -mfloat-abi=soft -mthumb -o "Core/Startup/Src/am1008w_k_i2c.o"
arm-none-eabi-gcc "../Core/Startup/Src/stm32f1xx_hal_msp.c" -mcpu=cortex-m3 -std=gnu11 -g3 -DDEBUG -DUSE_HAL_DRIVER -DSTM32F103xB -c -I../Core/Inc -I../Drivers/STM32F1xx_HAL_Driver/Inc/Legacy -I../Drivers/STM32F1xx_HAL_Driver/Inc -I../Drivers/CMSIS/Device/ST/STM32F1xx/Include -I../Drivers/CMSIS/Include -O0 -ffunction-sections -fdata-sections -Wall -fstack-usage -fcyclomatic-complexity -MMD -MP -MF"Core/Startup/Src/stm32f1xx_hal_msp.d" -MT"Core/Startup/Src/stm32f1xx_hal_msp.o" --specs=nano.specs -mfloat-abi=soft -mthumb -o "Core/Startup/Src/stm32f1xx_hal_msp.o"
arm-none-eabi-gcc "../Core/Startup/Src/stm32f1xx_it.c" -mcpu=cortex-m3 -std=gnu11 -g3 -DDEBUG -DUSE_HAL_DRIVER -DSTM32F103xB -c -I../Core/Inc -I../Drivers/STM32F1xx_HAL_Driver/Inc/Legacy -I../Drivers/STM32F1xx_HAL_Driver/Inc -I../Drivers/CMSIS/Device/ST/STM32F1xx/Include -I../Drivers/CMSIS/Include -O0 -ffunction-sections -fdata-sections -Wall -fstack-usage -fcyclomatic-complexity -MMD -MP -MF"Core/Startup/Src/stm32f1xx_it.d" -MT"Core/Startup/Src/stm32f1xx_it.o" --specs=nano.specs -mfloat-abi=soft -mthumb -o "Core/Startup/Src/stm32f1xx_it.o"
arm-none-eabi-gcc "../Core/Startup/Src/syscalls.c" -mcpu=cortex-m3 -std=gnu11 -g3 -DDEBUG -DUSE_HAL_DRIVER -DSTM32F103xB -c -I../Core/Inc -I../Drivers/STM32F1xx_HAL_Driver/Inc/Legacy -I../Drivers/STM32F1xx_HAL_Driver/Inc -I../Drivers/CMSIS/Device/ST/STM32F1xx/Include -I../Drivers/CMSIS/Include -O0 -ffunction-sections -fdata-sections -Wall -fstack-usage -fcyclomatic-complexity -MMD -MP -MF"Core/Startup/Src/syscalls.d" -MT"Core/Startup/Src/syscalls.o" --specs=nano.specs -mfloat-abi=soft -mthumb -o "Core/Startup/Src/syscalls.o"
arm-none-eabi-gcc "../Core/Startup/Src/sysmem.c" -mcpu=cortex-m3 -std=gnu11 -g3 -DDEBUG -DUSE_HAL_DRIVER -DSTM32F103xB -c -I../Core/Inc -I../Drivers/STM32F1xx_HAL_Driver/Inc/Legacy -I../Drivers/STM32F1xx_HAL_Driver/Inc -I../Drivers/CMSIS/Device/ST/STM32F1xx/Include -I../Drivers/CMSIS/Include -O0 -ffunction-sections -fdata-sections -Wall -fstack-usage -fcyclomatic-complexity -MMD -MP -MF"Core/Startup/Src/sysmem.d" -MT"Core/Startup/Src/sysmem.o" --specs=nano.specs -mfloat-abi=soft -mthumb -o "Core/Startup/Src/sysmem.o"
arm-none-eabi-gcc "../Core/Startup/Src/system_stm32f1xx.c" -mcpu=cortex-m3 -std=gnu11 -g3 -DDEBUG -DUSE_HAL_DRIVER -DSTM32F103xB -c -I../Core/Inc -I../Drivers/STM32F1xx_HAL_Driver/Inc/Legacy -I../Drivers/STM32F1xx_HAL_Driver/Inc -I../Drivers/CMSIS/Device/ST/STM32F1xx/Include -I../Drivers/CMSIS/Include -O0 -ffunction-sections -fdata-sections -Wall -fstack-usage -fcyclomatic-complexity -MMD -MP -MF"Core/Startup/Src/system_stm32f1xx.d" -MT"Core/Startup/Src/system_stm32f1xx.o" --specs=nano.specs -mfloat-abi=soft -mthumb -o "Core/Startup/Src/system_stm32f1xx.o"
../Core/Startup/Src/am1008w_k_i2c.c: In function 'am1008w_k_i2c_read_data_command':
../Core/Startup/Src/am1008w_k_i2c.c:84:13: warning: unused variable 'idx' [-Wunused-variable]
   84 |     uint8_t idx = 0;
      |             ^~~
arm-none-eabi-gcc -o "20240717_AM1008K.elf" @"objects.list"   -mcpu=cortex-m3 -T"C:\Users\Yoon\Desktop\Git\STM32\FirstClass\20240717_AM1008K\STM32F103C8TX_FLASH.ld" --specs=nosys.specs -Wl,-Map="20240717_AM1008K.map" -Wl,--gc-sections -static --specs=nano.specs -mfloat-abi=soft -mthumb -Wl,--start-group -lc -lm -Wl,--end-group
Finished building target: 20240717_AM1008K.elf
 
arm-none-eabi-size  20240717_AM1008K.elf 
arm-none-eabi-objdump -h -S 20240717_AM1008K.elf  > "20240717_AM1008K.list"
   text	   data	    bss	    dec	    hex	filename
  12452	     92	   2124	  14668	   394c	20240717_AM1008K.elf
Finished building: default.size.stdout
 
Finished building: 20240717_AM1008K.list
 
19:35:54 **** Build of configuration Debug for project AM1008W-K-P_Packet ****
make -j12 all 
arm-none-eabi-gcc "../Drivers/STM32F1xx_HAL_Driver/Src/stm32f1xx_hal.c" -mcpu=cortex-m3 -std=gnu11 -g3 -DDEBUG -DUSE_HAL_DRIVER -DSTM32F103xB -c -I../Core/Inc -I../Drivers/STM32F1xx_HAL_Driver/Inc -I../Drivers/STM32F1xx_HAL_Driver/Inc/Legacy -I../Drivers/CMSIS/Device/ST/STM32F1xx/Include -I../Drivers/CMSIS/Include -O0 -ffunction-sections -fdata-sections -Wall -fstack-usage -fcyclomatic-complexity -MMD -MP -MF"Drivers/STM32F1xx_HAL_Driver/Src/stm32f1xx_hal.d" -MT"Drivers/STM32F1xx_HAL_Driver/Src/stm32f1xx_hal.o" --specs=nano.specs -mfloat-abi=soft -mthumb -o "Drivers/STM32F1xx_HAL_Driver/Src/stm32f1xx_hal.o"
arm-none-eabi-gcc "../Drivers/STM32F1xx_HAL_Driver/Src/stm32f1xx_hal_cortex.c" -mcpu=cortex-m3 -std=gnu11 -g3 -DDEBUG -DUSE_HAL_DRIVER -DSTM32F103xB -c -I../Core/Inc -I../Drivers/STM32F1xx_HAL_Driver/Inc -I../Drivers/STM32F1xx_HAL_Driver/Inc/Legacy -I../Drivers/CMSIS/Device/ST/STM32F1xx/Include -I../Drivers/CMSIS/Include -O0 -ffunction-sections -fdata-sections -Wall -fstack-usage -fcyclomatic-complexity -MMD -MP -MF"Drivers/STM32F1xx_HAL_Driver/Src/stm32f1xx_hal_cortex.d" -MT"Drivers/STM32F1xx_HAL_Driver/Src/stm32f1xx_hal_cortex.o" --specs=nano.specs -mfloat-abi=soft -mthumb -o "Drivers/STM32F1xx_HAL_Driver/Src/stm32f1xx_hal_cortex.o"
arm-none-eabi-gcc "../Drivers/STM32F1xx_HAL_Driver/Src/stm32f1xx_hal_dma.c" -mcpu=cortex-m3 -std=gnu11 -g3 -DDEBUG -DUSE_HAL_DRIVER -DSTM32F103xB -c -I../Core/Inc -I../Drivers/STM32F1xx_HAL_Driver/Inc -I../Drivers/STM32F1xx_HAL_Driver/Inc/Legacy -I../Drivers/CMSIS/Device/ST/STM32F1xx/Include -I../Drivers/CMSIS/Include -O0 -ffunction-sections -fdata-sections -Wall -fstack-usage -fcyclomatic-complexity -MMD -MP -MF"Drivers/STM32F1xx_HAL_Driver/Src/stm32f1xx_hal_dma.d" -MT"Drivers/STM32F1xx_HAL_Driver/Src/stm32f1xx_hal_dma.o" --specs=nano.specs -mfloat-abi=soft -mthumb -o "Drivers/STM32F1xx_HAL_Driver/Src/stm32f1xx_hal_dma.o"
arm-none-eabi-gcc "../Drivers/STM32F1xx_HAL_Driver/Src/stm32f1xx_hal_exti.c" -mcpu=cortex-m3 -std=gnu11 -g3 -DDEBUG -DUSE_HAL_DRIVER -DSTM32F103xB -c -I../Core/Inc -I../Drivers/STM32F1xx_HAL_Driver/Inc -I../Drivers/STM32F1xx_HAL_Driver/Inc/Legacy -I../Drivers/CMSIS/Device/ST/STM32F1xx/Include -I../Drivers/CMSIS/Include -O0 -ffunction-sections -fdata-sections -Wall -fstack-usage -fcyclomatic-complexity -MMD -MP -MF"Drivers/STM32F1xx_HAL_Driver/Src/stm32f1xx_hal_exti.d" -MT"Drivers/STM32F1xx_HAL_Driver/Src/stm32f1xx_hal_exti.o" --specs=nano.specs -mfloat-abi=soft -mthumb -o "Drivers/STM32F1xx_HAL_Driver/Src/stm32f1xx_hal_exti.o"
arm-none-eabi-gcc "../Drivers/STM32F1xx_HAL_Driver/Src/stm32f1xx_hal_flash.c" -mcpu=cortex-m3 -std=gnu11 -g3 -DDEBUG -DUSE_HAL_DRIVER -DSTM32F103xB -c -I../Core/Inc -I../Drivers/STM32F1xx_HAL_Driver/Inc -I../Drivers/STM32F1xx_HAL_Driver/Inc/Legacy -I../Drivers/CMSIS/Device/ST/STM32F1xx/Include -I../Drivers/CMSIS/Include -O0 -ffunction-sections -fdata-sections -Wall -fstack-usage -fcyclomatic-complexity -MMD -MP -MF"Drivers/STM32F1xx_HAL_Driver/Src/stm32f1xx_hal_flash.d" -MT"Drivers/STM32F1xx_HAL_Driver/Src/stm32f1xx_hal_flash.o" --specs=nano.specs -mfloat-abi=soft -mthumb -o "Drivers/STM32F1xx_HAL_Driver/Src/stm32f1xx_hal_flash.o"
arm-none-eabi-gcc "../Drivers/STM32F1xx_HAL_Driver/Src/stm32f1xx_hal_flash_ex.c" -mcpu=cortex-m3 -std=gnu11 -g3 -DDEBUG -DUSE_HAL_DRIVER -DSTM32F103xB -c -I../Core/Inc -I../Drivers/STM32F1xx_HAL_Driver/Inc -I../Drivers/STM32F1xx_HAL_Driver/Inc/Legacy -I../Drivers/CMSIS/Device/ST/STM32F1xx/Include -I../Drivers/CMSIS/Include -O0 -ffunction-sections -fdata-sections -Wall -fstack-usage -fcyclomatic-complexity -MMD -MP -MF"Drivers/STM32F1xx_HAL_Driver/Src/stm32f1xx_hal_flash_ex.d" -MT"Drivers/STM32F1xx_HAL_Driver/Src/stm32f1xx_hal_flash_ex.o" --specs=nano.specs -mfloat-abi=soft -mthumb -o "Drivers/STM32F1xx_HAL_Driver/Src/stm32f1xx_hal_flash_ex.o"
arm-none-eabi-gcc "../Drivers/STM32F1xx_HAL_Driver/Src/stm32f1xx_hal_gpio.c" -mcpu=cortex-m3 -std=gnu11 -g3 -DDEBUG -DUSE_HAL_DRIVER -DSTM32F103xB -c -I../Core/Inc -I../Drivers/STM32F1xx_HAL_Driver/Inc -I../Drivers/STM32F1xx_HAL_Driver/Inc/Legacy -I../Drivers/CMSIS/Device/ST/STM32F1xx/Include -I../Drivers/CMSIS/Include -O0 -ffunction-sections -fdata-sections -Wall -fstack-usage -fcyclomatic-complexity -MMD -MP -MF"Drivers/STM32F1xx_HAL_Driver/Src/stm32f1xx_hal_gpio.d" -MT"Drivers/STM32F1xx_HAL_Driver/Src/stm32f1xx_hal_gpio.o" --specs=nano.specs -mfloat-abi=soft -mthumb -o "Drivers/STM32F1xx_HAL_Driver/Src/stm32f1xx_hal_gpio.o"
arm-none-eabi-gcc "../Drivers/STM32F1xx_HAL_Driver/Src/stm32f1xx_hal_gpio_ex.c" -mcpu=cortex-m3 -std=gnu11 -g3 -DDEBUG -DUSE_HAL_DRIVER -DSTM32F103xB -c -I../Core/Inc -I../Drivers/STM32F1xx_HAL_Driver/Inc -I../Drivers/STM32F1xx_HAL_Driver/Inc/Legacy -I../Drivers/CMSIS/Device/ST/STM32F1xx/Include -I../Drivers/CMSIS/Include -O0 -ffunction-sections -fdata-sections -Wall -fstack-usage -fcyclomatic-complexity -MMD -MP -MF"Drivers/STM32F1xx_HAL_Driver/Src/stm32f1xx_hal_gpio_ex.d" -MT"Drivers/STM32F1xx_HAL_Driver/Src/stm32f1xx_hal_gpio_ex.o" --specs=nano.specs -mfloat-abi=soft -mthumb -o "Drivers/STM32F1xx_HAL_Driver/Src/stm32f1xx_hal_gpio_ex.o"
arm-none-eabi-gcc "../Drivers/STM32F1xx_HAL_Driver/Src/stm32f1xx_hal_i2c.c" -mcpu=cortex-m3 -std=gnu11 -g3 -DDEBUG -DUSE_HAL_DRIVER -DSTM32F103xB -c -I../Core/Inc -I../Drivers/STM32F1xx_HAL_Driver/Inc -I../Drivers/STM32F1xx_HAL_Driver/Inc/Legacy -I../Drivers/CMSIS/Device/ST/STM32F1xx/Include -I../Drivers/CMSIS/Include -O0 -ffunction-sections -fdata-sections -Wall -fstack-usage -fcyclomatic-complexity -MMD -MP -MF"Drivers/STM32F1xx_HAL_Driver/Src/stm32f1xx_hal_i2c.d" -MT"Drivers/STM32F1xx_HAL_Driver/Src/stm32f1xx_hal_i2c.o" --specs=nano.specs -mfloat-abi=soft -mthumb -o "Drivers/STM32F1xx_HAL_Driver/Src/stm32f1xx_hal_i2c.o"
arm-none-eabi-gcc "../Drivers/STM32F1xx_HAL_Driver/Src/stm32f1xx_hal_pwr.c" -mcpu=cortex-m3 -std=gnu11 -g3 -DDEBUG -DUSE_HAL_DRIVER -DSTM32F103xB -c -I../Core/Inc -I../Drivers/STM32F1xx_HAL_Driver/Inc -I../Drivers/STM32F1xx_HAL_Driver/Inc/Legacy -I../Drivers/CMSIS/Device/ST/STM32F1xx/Include -I../Drivers/CMSIS/Include -O0 -ffunction-sections -fdata-sections -Wall -fstack-usage -fcyclomatic-complexity -MMD -MP -MF"Drivers/STM32F1xx_HAL_Driver/Src/stm32f1xx_hal_pwr.d" -MT"Drivers/STM32F1xx_HAL_Driver/Src/stm32f1xx_hal_pwr.o" --specs=nano.specs -mfloat-abi=soft -mthumb -o "Drivers/STM32F1xx_HAL_Driver/Src/stm32f1xx_hal_pwr.o"
arm-none-eabi-gcc "../Drivers/STM32F1xx_HAL_Driver/Src/stm32f1xx_hal_rcc.c" -mcpu=cortex-m3 -std=gnu11 -g3 -DDEBUG -DUSE_HAL_DRIVER -DSTM32F103xB -c -I../Core/Inc -I../Drivers/STM32F1xx_HAL_Driver/Inc -I../Drivers/STM32F1xx_HAL_Driver/Inc/Legacy -I../Drivers/CMSIS/Device/ST/STM32F1xx/Include -I../Drivers/CMSIS/Include -O0 -ffunction-sections -fdata-sections -Wall -fstack-usage -fcyclomatic-complexity -MMD -MP -MF"Drivers/STM32F1xx_HAL_Driver/Src/stm32f1xx_hal_rcc.d" -MT"Drivers/STM32F1xx_HAL_Driver/Src/stm32f1xx_hal_rcc.o" --specs=nano.specs -mfloat-abi=soft -mthumb -o "Drivers/STM32F1xx_HAL_Driver/Src/stm32f1xx_hal_rcc.o"
arm-none-eabi-gcc "../Drivers/STM32F1xx_HAL_Driver/Src/stm32f1xx_hal_rcc_ex.c" -mcpu=cortex-m3 -std=gnu11 -g3 -DDEBUG -DUSE_HAL_DRIVER -DSTM32F103xB -c -I../Core/Inc -I../Drivers/STM32F1xx_HAL_Driver/Inc -I../Drivers/STM32F1xx_HAL_Driver/Inc/Legacy -I../Drivers/CMSIS/Device/ST/STM32F1xx/Include -I../Drivers/CMSIS/Include -O0 -ffunction-sections -fdata-sections -Wall -fstack-usage -fcyclomatic-complexity -MMD -MP -MF"Drivers/STM32F1xx_HAL_Driver/Src/stm32f1xx_hal_rcc_ex.d" -MT"Drivers/STM32F1xx_HAL_Driver/Src/stm32f1xx_hal_rcc_ex.o" --specs=nano.specs -mfloat-abi=soft -mthumb -o "Drivers/STM32F1xx_HAL_Driver/Src/stm32f1xx_hal_rcc_ex.o"
arm-none-eabi-gcc "../Drivers/STM32F1xx_HAL_Driver/Src/stm32f1xx_hal_tim.c" -mcpu=cortex-m3 -std=gnu11 -g3 -DDEBUG -DUSE_HAL_DRIVER -DSTM32F103xB -c -I../Core/Inc -I../Drivers/STM32F1xx_HAL_Driver/Inc -I../Drivers/STM32F1xx_HAL_Driver/Inc/Legacy -I../Drivers/CMSIS/Device/ST/STM32F1xx/Include -I../Drivers/CMSIS/Include -O0 -ffunction-sections -fdata-sections -Wall -fstack-usage -fcyclomatic-complexity -MMD -MP -MF"Drivers/STM32F1xx_HAL_Driver/Src/stm32f1xx_hal_tim.d" -MT"Drivers/STM32F1xx_HAL_Driver/Src/stm32f1xx_hal_tim.o" --specs=nano.specs -mfloat-abi=soft -mthumb -o "Drivers/STM32F1xx_HAL_Driver/Src/stm32f1xx_hal_tim.o"
arm-none-eabi-gcc "../Drivers/STM32F1xx_HAL_Driver/Src/stm32f1xx_hal_tim_ex.c" -mcpu=cortex-m3 -std=gnu11 -g3 -DDEBUG -DUSE_HAL_DRIVER -DSTM32F103xB -c -I../Core/Inc -I../Drivers/STM32F1xx_HAL_Driver/Inc -I../Drivers/STM32F1xx_HAL_Driver/Inc/Legacy -I../Drivers/CMSIS/Device/ST/STM32F1xx/Include -I../Drivers/CMSIS/Include -O0 -ffunction-sections -fdata-sections -Wall -fstack-usage -fcyclomatic-complexity -MMD -MP -MF"Drivers/STM32F1xx_HAL_Driver/Src/stm32f1xx_hal_tim_ex.d" -MT"Drivers/STM32F1xx_HAL_Driver/Src/stm32f1xx_hal_tim_ex.o" --specs=nano.specs -mfloat-abi=soft -mthumb -o "Drivers/STM32F1xx_HAL_Driver/Src/stm32f1xx_hal_tim_ex.o"
arm-none-eabi-gcc "../Drivers/STM32F1xx_HAL_Driver/Src/stm32f1xx_hal_uart.c" -mcpu=cortex-m3 -std=gnu11 -g3 -DDEBUG -DUSE_HAL_DRIVER -DSTM32F103xB -c -I../Core/Inc -I../Drivers/STM32F1xx_HAL_Driver/Inc -I../Drivers/STM32F1xx_HAL_Driver/Inc/Legacy -I../Drivers/CMSIS/Device/ST/STM32F1xx/Include -I../Drivers/CMSIS/Include -O0 -ffunction-sections -fdata-sections -Wall -fstack-usage -fcyclomatic-complexity -MMD -MP -MF"Drivers/STM32F1xx_HAL_Driver/Src/stm32f1xx_hal_uart.d" -MT"Drivers/STM32F1xx_HAL_Driver/Src/stm32f1xx_hal_uart.o" --specs=nano.specs -mfloat-abi=soft -mthumb -o "Drivers/STM32F1xx_HAL_Driver/Src/stm32f1xx_hal_uart.o"
arm-none-eabi-gcc -mcpu=cortex-m3 -g3 -DDEBUG -c -x assembler-with-cpp -MMD -MP -MF"Core/Startup/startup_stm32f103c8tx.d" -MT"Core/Startup/startup_stm32f103c8tx.o" --specs=nano.specs -mfloat-abi=soft -mthumb -o "Core/Startup/startup_stm32f103c8tx.o" "../Core/Startup/startup_stm32f103c8tx.s"
arm-none-eabi-gcc "../Core/Src/am1008w_k_i2c.c" -mcpu=cortex-m3 -std=gnu11 -g3 -DDEBUG -DUSE_HAL_DRIVER -DSTM32F103xB -c -I../Core/Inc -I../Drivers/STM32F1xx_HAL_Driver/Inc -I../Drivers/STM32F1xx_HAL_Driver/Inc/Legacy -I../Drivers/CMSIS/Device/ST/STM32F1xx/Include -I../Drivers/CMSIS/Include -O0 -ffunction-sections -fdata-sections -Wall -fstack-usage -fcyclomatic-complexity -MMD -MP -MF"Core/Src/am1008w_k_i2c.d" -MT"Core/Src/am1008w_k_i2c.o" --specs=nano.specs -mfloat-abi=soft -mthumb -o "Core/Src/am1008w_k_i2c.o"
arm-none-eabi-gcc "../Core/Src/main.c" -mcpu=cortex-m3 -std=gnu11 -g3 -DDEBUG -DUSE_HAL_DRIVER -DSTM32F103xB -c -I../Core/Inc -I../Drivers/STM32F1xx_HAL_Driver/Inc -I../Drivers/STM32F1xx_HAL_Driver/Inc/Legacy -I../Drivers/CMSIS/Device/ST/STM32F1xx/Include -I../Drivers/CMSIS/Include -O0 -ffunction-sections -fdata-sections -Wall -fstack-usage -fcyclomatic-complexity -MMD -MP -MF"Core/Src/main.d" -MT"Core/Src/main.o" --specs=nano.specs -mfloat-abi=soft -mthumb -o "Core/Src/main.o"
arm-none-eabi-gcc "../Core/Src/stm32f1xx_hal_msp.c" -mcpu=cortex-m3 -std=gnu11 -g3 -DDEBUG -DUSE_HAL_DRIVER -DSTM32F103xB -c -I../Core/Inc -I../Drivers/STM32F1xx_HAL_Driver/Inc -I../Drivers/STM32F1xx_HAL_Driver/Inc/Legacy -I../Drivers/CMSIS/Device/ST/STM32F1xx/Include -I../Drivers/CMSIS/Include -O0 -ffunction-sections -fdata-sections -Wall -fstack-usage -fcyclomatic-complexity -MMD -MP -MF"Core/Src/stm32f1xx_hal_msp.d" -MT"Core/Src/stm32f1xx_hal_msp.o" --specs=nano.specs -mfloat-abi=soft -mthumb -o "Core/Src/stm32f1xx_hal_msp.o"
arm-none-eabi-gcc "../Core/Src/stm32f1xx_it.c" -mcpu=cortex-m3 -std=gnu11 -g3 -DDEBUG -DUSE_HAL_DRIVER -DSTM32F103xB -c -I../Core/Inc -I../Drivers/STM32F1xx_HAL_Driver/Inc -I../Drivers/STM32F1xx_HAL_Driver/Inc/Legacy -I../Drivers/CMSIS/Device/ST/STM32F1xx/Include -I../Drivers/CMSIS/Include -O0 -ffunction-sections -fdata-sections -Wall -fstack-usage -fcyclomatic-complexity -MMD -MP -MF"Core/Src/stm32f1xx_it.d" -MT"Core/Src/stm32f1xx_it.o" --specs=nano.specs -mfloat-abi=soft -mthumb -o "Core/Src/stm32f1xx_it.o"
arm-none-eabi-gcc "../Core/Src/syscalls.c" -mcpu=cortex-m3 -std=gnu11 -g3 -DDEBUG -DUSE_HAL_DRIVER -DSTM32F103xB -c -I../Core/Inc -I../Drivers/STM32F1xx_HAL_Driver/Inc -I../Drivers/STM32F1xx_HAL_Driver/Inc/Legacy -I../Drivers/CMSIS/Device/ST/STM32F1xx/Include -I../Drivers/CMSIS/Include -O0 -ffunction-sections -fdata-sections -Wall -fstack-usage -fcyclomatic-complexity -MMD -MP -MF"Core/Src/syscalls.d" -MT"Core/Src/syscalls.o" --specs=nano.specs -mfloat-abi=soft -mthumb -o "Core/Src/syscalls.o"
arm-none-eabi-gcc "../Core/Src/sysmem.c" -mcpu=cortex-m3 -std=gnu11 -g3 -DDEBUG -DUSE_HAL_DRIVER -DSTM32F103xB -c -I../Core/Inc -I../Drivers/STM32F1xx_HAL_Driver/Inc -I../Drivers/STM32F1xx_HAL_Driver/Inc/Legacy -I../Drivers/CMSIS/Device/ST/STM32F1xx/Include -I../Drivers/CMSIS/Include -O0 -ffunction-sections -fdata-sections -Wall -fstack-usage -fcyclomatic-complexity -MMD -MP -MF"Core/Src/sysmem.d" -MT"Core/Src/sysmem.o" --specs=nano.specs -mfloat-abi=soft -mthumb -o "Core/Src/sysmem.o"
arm-none-eabi-gcc "../Core/Src/system_stm32f1xx.c" -mcpu=cortex-m3 -std=gnu11 -g3 -DDEBUG -DUSE_HAL_DRIVER -DSTM32F103xB -c -I../Core/Inc -I../Drivers/STM32F1xx_HAL_Driver/Inc -I../Drivers/STM32F1xx_HAL_Driver/Inc/Legacy -I../Drivers/CMSIS/Device/ST/STM32F1xx/Include -I../Drivers/CMSIS/Include -O0 -ffunction-sections -fdata-sections -Wall -fstack-usage -fcyclomatic-complexity -MMD -MP -MF"Core/Src/system_stm32f1xx.d" -MT"Core/Src/system_stm32f1xx.o" --specs=nano.specs -mfloat-abi=soft -mthumb -o "Core/Src/system_stm32f1xx.o"
../Core/Src/am1008w_k_i2c.c: In function 'am1008w_k_i2c_read_data_command':
../Core/Src/am1008w_k_i2c.c:84:13: warning: unused variable 'idx' [-Wunused-variable]
   84 |     uint8_t idx = 0;
      |             ^~~
../Core/Src/main.c: In function 'main':
../Core/Src/main.c:99:3: warning: implicit declaration of function 'am1008w_k_i2c_begin' [-Wimplicit-function-declaration]
   99 |   am1008w_k_i2c_begin(&hi2c1);
      |   ^~~~~~~~~~~~~~~~~~~
../Core/Src/main.c:110:11: warning: implicit declaration of function 'am1008w_k_i2c_read_data_command' [-Wimplicit-function-declaration]
  110 |           am1008w_k_i2c_read_data_command();
      |           ^~~~~~~~~~~~~~~~~~~~~~~~~~~~~~~
../Core/Src/main.c:112:26: warning: implicit declaration of function 'am1008w_k_i2c_get_humidity' [-Wimplicit-function-declaration]
  112 |           int humidity = am1008w_k_i2c_get_humidity();
      |                          ^~~~~~~~~~~~~~~~~~~~~~~~~~
../Core/Src/main.c:113:29: warning: implicit declaration of function 'am1008w_k_i2c_get_temperature' [-Wimplicit-function-declaration]
  113 |           int temperature = am1008w_k_i2c_get_temperature();
      |                             ^~~~~~~~~~~~~~~~~~~~~~~~~~~~~
../Core/Src/main.c:115:26: warning: implicit declaration of function 'am1008w_k_i2c_get_voc' [-Wimplicit-function-declaration]
  115 |           uint16_t voc = am1008w_k_i2c_get_voc();
      |                          ^~~~~~~~~~~~~~~~~~~~~
../Core/Src/main.c:116:26: warning: implicit declaration of function 'am1008w_k_i2c_get_co2' [-Wimplicit-function-declaration]
  116 |           uint16_t co2 = am1008w_k_i2c_get_co2();
      |                          ^~~~~~~~~~~~~~~~~~~~~
../Core/Src/main.c:117:28: warning: implicit declaration of function 'am1008w_k_i2c_get_pm1p0' [-Wimplicit-function-declaration]
  117 |           uint16_t pm1p0 = am1008w_k_i2c_get_pm1p0();
      |                            ^~~~~~~~~~~~~~~~~~~~~~~
../Core/Src/main.c:118:28: warning: implicit declaration of function 'am1008w_k_i2c_get_pm2p5' [-Wimplicit-function-declaration]
  118 |           uint16_t pm2p5 = am1008w_k_i2c_get_pm2p5();
      |                            ^~~~~~~~~~~~~~~~~~~~~~~
../Core/Src/main.c:119:28: warning: implicit declaration of function 'am1008w_k_i2c_get_pm10' [-Wimplicit-function-declaration]
  119 |           uint16_t pm10  = am1008w_k_i2c_get_pm10();
      |                            ^~~~~~~~~~~~~~~~~~~~~~
../Core/Src/main.c:121:11: warning: implicit declaration of function 'sprintf' [-Wimplicit-function-declaration]
  121 |           sprintf(buffer, "Humidity: %d.%02d %%, Temperature: %d.%02d C\r\n",
      |           ^~~~~~~
../Core/Src/main.c:21:1: note: include '<stdio.h>' or provide a declaration of 'sprintf'
   20 | #include "main.h"
  +++ |+#include <stdio.h>
   21 | 
../Core/Src/main.c:121:11: warning: incompatible implicit declaration of built-in function 'sprintf' [-Wbuiltin-declaration-mismatch]
  121 |           sprintf(buffer, "Humidity: %d.%02d %%, Temperature: %d.%02d C\r\n",
      |           ^~~~~~~
../Core/Src/main.c:121:11: note: include '<stdio.h>' or provide a declaration of 'sprintf'
../Core/Src/main.c:124:56: warning: implicit declaration of function 'strlen' [-Wimplicit-function-declaration]
  124 |           HAL_UART_Transmit(&huart1, (uint8_t*)buffer, strlen(buffer), 1000);
      |                                                        ^~~~~~
../Core/Src/main.c:21:1: note: include '<string.h>' or provide a declaration of 'strlen'
   20 | #include "main.h"
  +++ |+#include <string.h>
   21 | 
../Core/Src/main.c:124:56: warning: incompatible implicit declaration of built-in function 'strlen' [-Wbuiltin-declaration-mismatch]
  124 |           HAL_UART_Transmit(&huart1, (uint8_t*)buffer, strlen(buffer), 1000);
      |                                                        ^~~~~~
../Core/Src/main.c:124:56: note: include '<string.h>' or provide a declaration of 'strlen'
arm-none-eabi-gcc -o "AM1008W-K-P_Packet.elf" @"objects.list"   -mcpu=cortex-m3 -T"C:\Users\Yoon\Desktop\Git\STM32\FirstClass\AM1008W-K-P_Packet\STM32F103C8TX_FLASH.ld" --specs=nosys.specs -Wl,-Map="AM1008W-K-P_Packet.map" -Wl,--gc-sections -static --specs=nano.specs -mfloat-abi=soft -mthumb -Wl,--start-group -lc -lm -Wl,--end-group
Finished building target: AM1008W-K-P_Packet.elf
 
arm-none-eabi-size  AM1008W-K-P_Packet.elf 
arm-none-eabi-objdump -h -S AM1008W-K-P_Packet.elf  > "AM1008W-K-P_Packet.list"
   text	   data	    bss	    dec	    hex	filename
  12452	     92	   2124	  14668	   394c	AM1008W-K-P_Packet.elf
Finished building: default.size.stdout
 
Finished building: AM1008W-K-P_Packet.list
 
19:36:01 **** Incremental Build of configuration Debug for project AM1008W-K-P_Packet ****
make -j12 all 
arm-none-eabi-size  AM1008W-K-P_Packet.elf 
   text	   data	    bss	    dec	    hex	filename
  12452	     92	   2124	  14668	   394c	AM1008W-K-P_Packet.elf
Finished building: default.size.stdout
 
19:47:27 **** Incremental Build of configuration Debug for project AM1008W-K-P_Packet ****
make -j12 all 
arm-none-eabi-gcc "../Core/Src/am1008w_k_i2c.c" -mcpu=cortex-m3 -std=gnu11 -g3 -DDEBUG -DUSE_HAL_DRIVER -DSTM32F103xB -c -I../Core/Inc -I../Drivers/STM32F1xx_HAL_Driver/Inc -I../Drivers/STM32F1xx_HAL_Driver/Inc/Legacy -I../Drivers/CMSIS/Device/ST/STM32F1xx/Include -I../Drivers/CMSIS/Include -O0 -ffunction-sections -fdata-sections -Wall -fstack-usage -fcyclomatic-complexity -MMD -MP -MF"Core/Src/am1008w_k_i2c.d" -MT"Core/Src/am1008w_k_i2c.o" --specs=nano.specs -mfloat-abi=soft -mthumb -o "Core/Src/am1008w_k_i2c.o"
arm-none-eabi-gcc "../Core/Src/main.c" -mcpu=cortex-m3 -std=gnu11 -g3 -DDEBUG -DUSE_HAL_DRIVER -DSTM32F103xB -c -I../Core/Inc -I../Drivers/STM32F1xx_HAL_Driver/Inc -I../Drivers/STM32F1xx_HAL_Driver/Inc/Legacy -I../Drivers/CMSIS/Device/ST/STM32F1xx/Include -I../Drivers/CMSIS/Include -O0 -ffunction-sections -fdata-sections -Wall -fstack-usage -fcyclomatic-complexity -MMD -MP -MF"Core/Src/main.d" -MT"Core/Src/main.o" --specs=nano.specs -mfloat-abi=soft -mthumb -o "Core/Src/main.o"
../Core/Src/am1008w_k_i2c.c: In function 'am1008w_k_i2c_read_data_command':
../Core/Src/am1008w_k_i2c.c:84:13: warning: unused variable 'idx' [-Wunused-variable]
   84 |     uint8_t idx = 0;
      |             ^~~
../Core/Src/main.c:82:21: error: 'ps' undeclared here (not in a function)
   82 |   uint8_t pl[sizeof(ps)];
      |                     ^~
../Core/Src/main.c: In function 'main':
../Core/Src/main.c:119:3: warning: implicit declaration of function 'am1008w_k_i2c_begin' [-Wimplicit-function-declaration]
  119 |   am1008w_k_i2c_begin(&hi2c1);
      |   ^~~~~~~~~~~~~~~~~~~
../Core/Src/main.c:130:11: warning: implicit declaration of function 'am1008w_k_i2c_read_data_command' [-Wimplicit-function-declaration]
  130 |           am1008w_k_i2c_read_data_command();
      |           ^~~~~~~~~~~~~~~~~~~~~~~~~~~~~~~
../Core/Src/main.c:132:31: warning: implicit declaration of function 'am1008w_k_i2c_get_humidity' [-Wimplicit-function-declaration]
  132 |           uint32_t humidity = am1008w_k_i2c_get_humidity();
      |                               ^~~~~~~~~~~~~~~~~~~~~~~~~~
../Core/Src/main.c:133:34: warning: implicit declaration of function 'am1008w_k_i2c_get_temperature' [-Wimplicit-function-declaration]
  133 |           uint32_t temperature = am1008w_k_i2c_get_temperature();
      |                                  ^~~~~~~~~~~~~~~~~~~~~~~~~~~~~
../Core/Src/main.c:134:26: warning: implicit declaration of function 'am1008w_k_i2c_get_voc' [-Wimplicit-function-declaration]
  134 |           uint16_t voc = am1008w_k_i2c_get_voc();
      |                          ^~~~~~~~~~~~~~~~~~~~~
../Core/Src/main.c:135:26: warning: implicit declaration of function 'am1008w_k_i2c_get_co2' [-Wimplicit-function-declaration]
  135 |           uint16_t co2 = am1008w_k_i2c_get_co2();
      |                          ^~~~~~~~~~~~~~~~~~~~~
../Core/Src/main.c:136:28: warning: implicit declaration of function 'am1008w_k_i2c_get_pm1p0' [-Wimplicit-function-declaration]
  136 |           uint16_t pm1p0 = am1008w_k_i2c_get_pm1p0();
      |                            ^~~~~~~~~~~~~~~~~~~~~~~
../Core/Src/main.c:137:28: warning: implicit declaration of function 'am1008w_k_i2c_get_pm2p5' [-Wimplicit-function-declaration]
  137 |           uint16_t pm2p5 = am1008w_k_i2c_get_pm2p5();
      |                            ^~~~~~~~~~~~~~~~~~~~~~~
../Core/Src/main.c:138:28: warning: implicit declaration of function 'am1008w_k_i2c_get_pm10' [-Wimplicit-function-declaration]
  138 |           uint16_t pm10  = am1008w_k_i2c_get_pm10();
      |                            ^~~~~~~~~~~~~~~~~~~~~~
../Core/Src/main.c:139:38: warning: implicit declaration of function 'am1008w_k_i2c_get_voc_now_r_ref_r' [-Wimplicit-function-declaration]
  139 |           uint16_t voc_now_r_ref_r = am1008w_k_i2c_get_voc_now_r_ref_r();
      |                                      ^~~~~~~~~~~~~~~~~~~~~~~~~~~~~~~~~
../Core/Src/main.c:140:32: warning: implicit declaration of function 'am1008w_k_i2c_get_voc_ref_r' [-Wimplicit-function-declaration]
  140 |           uint16_t voc_ref_r = am1008w_k_i2c_get_voc_ref_r();
      |                                ^~~~~~~~~~~~~~~~~~~~~~~~~~~
../Core/Src/main.c:141:32: warning: implicit declaration of function 'am1008w_k_i2c_get_voc_now_r' [-Wimplicit-function-declaration]
  141 |           uint16_t voc_now_r = am1008w_k_i2c_get_voc_now_r();
      |                                ^~~~~~~~~~~~~~~~~~~~~~~~~~~
../Core/Src/main.c:143:11: warning: implicit declaration of function 'sprintf' [-Wimplicit-function-declaration]
  143 |           sprintf(buffer, "Humidity: %d.%02d %%, Temperature: %d.%02d C\r\n",
      |           ^~~~~~~
../Core/Src/main.c:21:1: note: include '<stdio.h>' or provide a declaration of 'sprintf'
   20 | #include "main.h"
  +++ |+#include <stdio.h>
   21 | 
../Core/Src/main.c:143:11: warning: incompatible implicit declaration of built-in function 'sprintf' [-Wbuiltin-declaration-mismatch]
  143 |           sprintf(buffer, "Humidity: %d.%02d %%, Temperature: %d.%02d C\r\n",
      |           ^~~~~~~
../Core/Src/main.c:143:11: note: include '<stdio.h>' or provide a declaration of 'sprintf'
../Core/Src/main.c:143:39: warning: format '%d' expects argument of type 'int', but argument 3 has type 'long unsigned int' [-Wformat=]
  143 |           sprintf(buffer, "Humidity: %d.%02d %%, Temperature: %d.%02d C\r\n",
      |                                      ~^
      |                                       |
      |                                       int
      |                                      %ld
  144 |                           humidity / 10, humidity % 10, temperature / 10, temperature % 10);
      |                           ~~~~~~~~~~~~~
      |                                    |
      |                                    long unsigned int
../Core/Src/main.c:143:44: warning: format '%d' expects argument of type 'int', but argument 4 has type 'long unsigned int' [-Wformat=]
  143 |           sprintf(buffer, "Humidity: %d.%02d %%, Temperature: %d.%02d C\r\n",
      |                                         ~~~^
      |                                            |
      |                                            int
      |                                         %02ld
  144 |                           humidity / 10, humidity % 10, temperature / 10, temperature % 10);
      |                                          ~~~~~~~~~~~~~
      |                                                   |
      |                                                   long unsigned int
../Core/Src/main.c:143:64: warning: format '%d' expects argument of type 'int', but argument 5 has type 'long unsigned int' [-Wformat=]
  143 |           sprintf(buffer, "Humidity: %d.%02d %%, Temperature: %d.%02d C\r\n",
      |                                                               ~^
      |                                                                |
      |                                                                int
      |                                                               %ld
  144 |                           humidity / 10, humidity % 10, temperature / 10, temperature % 10);
      |                                                         ~~~~~~~~~~~~~~~~
      |                                                                     |
      |                                                                     long unsigned int
../Core/Src/main.c:143:69: warning: format '%d' expects argument of type 'int', but argument 6 has type 'long unsigned int' [-Wformat=]
  143 |           sprintf(buffer, "Humidity: %d.%02d %%, Temperature: %d.%02d C\r\n",
      |                                                                  ~~~^
      |                                                                     |
      |                                                                     int
      |                                                                  %02ld
  144 |                           humidity / 10, humidity % 10, temperature / 10, temperature % 10);
      |                                                                           ~~~~~~~~~~~~~~~~
      |                                                                                       |
      |                                                                                       long unsigned int
../Core/Src/main.c:146:56: warning: implicit declaration of function 'strlen' [-Wimplicit-function-declaration]
  146 |           HAL_UART_Transmit(&huart1, (uint8_t*)buffer, strlen(buffer), 1000);
      |                                                        ^~~~~~
../Core/Src/main.c:21:1: note: include '<string.h>' or provide a declaration of 'strlen'
   20 | #include "main.h"
  +++ |+#include <string.h>
   21 | 
../Core/Src/main.c:146:56: warning: incompatible implicit declaration of built-in function 'strlen' [-Wbuiltin-declaration-mismatch]
  146 |           HAL_UART_Transmit(&huart1, (uint8_t*)buffer, strlen(buffer), 1000);
      |                                                        ^~~~~~
../Core/Src/main.c:146:56: note: include '<string.h>' or provide a declaration of 'strlen'
../Core/Src/main.c:141:20: warning: unused variable 'voc_now_r' [-Wunused-variable]
  141 |           uint16_t voc_now_r = am1008w_k_i2c_get_voc_now_r();
      |                    ^~~~~~~~~
../Core/Src/main.c:140:20: warning: unused variable 'voc_ref_r' [-Wunused-variable]
  140 |           uint16_t voc_ref_r = am1008w_k_i2c_get_voc_ref_r();
      |                    ^~~~~~~~~
../Core/Src/main.c:139:20: warning: unused variable 'voc_now_r_ref_r' [-Wunused-variable]
  139 |           uint16_t voc_now_r_ref_r = am1008w_k_i2c_get_voc_now_r_ref_r();
      |                    ^~~~~~~~~~~~~~~
make: *** [Core/Src/subdir.mk:37: Core/Src/main.o] Error 1
"make -j12 all" terminated with exit code 2. Build might be incomplete.
19:47:41 **** Incremental Build of configuration Debug for project AM1008W-K-P_Packet ****
make -j12 all 
arm-none-eabi-gcc "../Core/Src/main.c" -mcpu=cortex-m3 -std=gnu11 -g3 -DDEBUG -DUSE_HAL_DRIVER -DSTM32F103xB -c -I../Core/Inc -I../Drivers/STM32F1xx_HAL_Driver/Inc -I../Drivers/STM32F1xx_HAL_Driver/Inc/Legacy -I../Drivers/CMSIS/Device/ST/STM32F1xx/Include -I../Drivers/CMSIS/Include -O0 -ffunction-sections -fdata-sections -Wall -fstack-usage -fcyclomatic-complexity -MMD -MP -MF"Core/Src/main.d" -MT"Core/Src/main.o" --specs=nano.specs -mfloat-abi=soft -mthumb -o "Core/Src/main.o"
../Core/Src/main.c: In function 'main':
../Core/Src/main.c:119:3: warning: implicit declaration of function 'am1008w_k_i2c_begin' [-Wimplicit-function-declaration]
  119 |   am1008w_k_i2c_begin(&hi2c1);
      |   ^~~~~~~~~~~~~~~~~~~
../Core/Src/main.c:130:11: warning: implicit declaration of function 'am1008w_k_i2c_read_data_command' [-Wimplicit-function-declaration]
  130 |           am1008w_k_i2c_read_data_command();
      |           ^~~~~~~~~~~~~~~~~~~~~~~~~~~~~~~
../Core/Src/main.c:132:31: warning: implicit declaration of function 'am1008w_k_i2c_get_humidity' [-Wimplicit-function-declaration]
  132 |           uint32_t humidity = am1008w_k_i2c_get_humidity();
      |                               ^~~~~~~~~~~~~~~~~~~~~~~~~~
../Core/Src/main.c:133:34: warning: implicit declaration of function 'am1008w_k_i2c_get_temperature' [-Wimplicit-function-declaration]
  133 |           uint32_t temperature = am1008w_k_i2c_get_temperature();
      |                                  ^~~~~~~~~~~~~~~~~~~~~~~~~~~~~
../Core/Src/main.c:134:26: warning: implicit declaration of function 'am1008w_k_i2c_get_voc' [-Wimplicit-function-declaration]
  134 |           uint16_t voc = am1008w_k_i2c_get_voc();
      |                          ^~~~~~~~~~~~~~~~~~~~~
../Core/Src/main.c:135:26: warning: implicit declaration of function 'am1008w_k_i2c_get_co2' [-Wimplicit-function-declaration]
  135 |           uint16_t co2 = am1008w_k_i2c_get_co2();
      |                          ^~~~~~~~~~~~~~~~~~~~~
../Core/Src/main.c:136:28: warning: implicit declaration of function 'am1008w_k_i2c_get_pm1p0' [-Wimplicit-function-declaration]
  136 |           uint16_t pm1p0 = am1008w_k_i2c_get_pm1p0();
      |                            ^~~~~~~~~~~~~~~~~~~~~~~
../Core/Src/main.c:137:28: warning: implicit declaration of function 'am1008w_k_i2c_get_pm2p5' [-Wimplicit-function-declaration]
  137 |           uint16_t pm2p5 = am1008w_k_i2c_get_pm2p5();
      |                            ^~~~~~~~~~~~~~~~~~~~~~~
../Core/Src/main.c:138:28: warning: implicit declaration of function 'am1008w_k_i2c_get_pm10' [-Wimplicit-function-declaration]
  138 |           uint16_t pm10  = am1008w_k_i2c_get_pm10();
      |                            ^~~~~~~~~~~~~~~~~~~~~~
../Core/Src/main.c:139:38: warning: implicit declaration of function 'am1008w_k_i2c_get_voc_now_r_ref_r' [-Wimplicit-function-declaration]
  139 |           uint16_t voc_now_r_ref_r = am1008w_k_i2c_get_voc_now_r_ref_r();
      |                                      ^~~~~~~~~~~~~~~~~~~~~~~~~~~~~~~~~
../Core/Src/main.c:140:32: warning: implicit declaration of function 'am1008w_k_i2c_get_voc_ref_r' [-Wimplicit-function-declaration]
  140 |           uint16_t voc_ref_r = am1008w_k_i2c_get_voc_ref_r();
      |                                ^~~~~~~~~~~~~~~~~~~~~~~~~~~
../Core/Src/main.c:141:32: warning: implicit declaration of function 'am1008w_k_i2c_get_voc_now_r' [-Wimplicit-function-declaration]
  141 |           uint16_t voc_now_r = am1008w_k_i2c_get_voc_now_r();
      |                                ^~~~~~~~~~~~~~~~~~~~~~~~~~~
../Core/Src/main.c:143:11: warning: implicit declaration of function 'sprintf' [-Wimplicit-function-declaration]
  143 |           sprintf(buffer, "Humidity: %d.%02d %%, Temperature: %d.%02d C\r\n",
      |           ^~~~~~~
../Core/Src/main.c:21:1: note: include '<stdio.h>' or provide a declaration of 'sprintf'
   20 | #include "main.h"
  +++ |+#include <stdio.h>
   21 | 
../Core/Src/main.c:143:11: warning: incompatible implicit declaration of built-in function 'sprintf' [-Wbuiltin-declaration-mismatch]
  143 |           sprintf(buffer, "Humidity: %d.%02d %%, Temperature: %d.%02d C\r\n",
      |           ^~~~~~~
../Core/Src/main.c:143:11: note: include '<stdio.h>' or provide a declaration of 'sprintf'
../Core/Src/main.c:143:39: warning: format '%d' expects argument of type 'int', but argument 3 has type 'long unsigned int' [-Wformat=]
  143 |           sprintf(buffer, "Humidity: %d.%02d %%, Temperature: %d.%02d C\r\n",
      |                                      ~^
      |                                       |
      |                                       int
      |                                      %ld
  144 |                           humidity / 10, humidity % 10, temperature / 10, temperature % 10);
      |                           ~~~~~~~~~~~~~
      |                                    |
      |                                    long unsigned int
../Core/Src/main.c:143:44: warning: format '%d' expects argument of type 'int', but argument 4 has type 'long unsigned int' [-Wformat=]
  143 |           sprintf(buffer, "Humidity: %d.%02d %%, Temperature: %d.%02d C\r\n",
      |                                         ~~~^
      |                                            |
      |                                            int
      |                                         %02ld
  144 |                           humidity / 10, humidity % 10, temperature / 10, temperature % 10);
      |                                          ~~~~~~~~~~~~~
      |                                                   |
      |                                                   long unsigned int
../Core/Src/main.c:143:64: warning: format '%d' expects argument of type 'int', but argument 5 has type 'long unsigned int' [-Wformat=]
  143 |           sprintf(buffer, "Humidity: %d.%02d %%, Temperature: %d.%02d C\r\n",
      |                                                               ~^
      |                                                                |
      |                                                                int
      |                                                               %ld
  144 |                           humidity / 10, humidity % 10, temperature / 10, temperature % 10);
      |                                                         ~~~~~~~~~~~~~~~~
      |                                                                     |
      |                                                                     long unsigned int
../Core/Src/main.c:143:69: warning: format '%d' expects argument of type 'int', but argument 6 has type 'long unsigned int' [-Wformat=]
  143 |           sprintf(buffer, "Humidity: %d.%02d %%, Temperature: %d.%02d C\r\n",
      |                                                                  ~~~^
      |                                                                     |
      |                                                                     int
      |                                                                  %02ld
  144 |                           humidity / 10, humidity % 10, temperature / 10, temperature % 10);
      |                                                                           ~~~~~~~~~~~~~~~~
      |                                                                                       |
      |                                                                                       long unsigned int
../Core/Src/main.c:146:56: warning: implicit declaration of function 'strlen' [-Wimplicit-function-declaration]
  146 |           HAL_UART_Transmit(&huart1, (uint8_t*)buffer, strlen(buffer), 1000);
      |                                                        ^~~~~~
../Core/Src/main.c:21:1: note: include '<string.h>' or provide a declaration of 'strlen'
   20 | #include "main.h"
  +++ |+#include <string.h>
   21 | 
../Core/Src/main.c:146:56: warning: incompatible implicit declaration of built-in function 'strlen' [-Wbuiltin-declaration-mismatch]
  146 |           HAL_UART_Transmit(&huart1, (uint8_t*)buffer, strlen(buffer), 1000);
      |                                                        ^~~~~~
../Core/Src/main.c:146:56: note: include '<string.h>' or provide a declaration of 'strlen'
../Core/Src/main.c:141:20: warning: unused variable 'voc_now_r' [-Wunused-variable]
  141 |           uint16_t voc_now_r = am1008w_k_i2c_get_voc_now_r();
      |                    ^~~~~~~~~
../Core/Src/main.c:140:20: warning: unused variable 'voc_ref_r' [-Wunused-variable]
  140 |           uint16_t voc_ref_r = am1008w_k_i2c_get_voc_ref_r();
      |                    ^~~~~~~~~
../Core/Src/main.c:139:20: warning: unused variable 'voc_now_r_ref_r' [-Wunused-variable]
  139 |           uint16_t voc_now_r_ref_r = am1008w_k_i2c_get_voc_now_r_ref_r();
      |                    ^~~~~~~~~~~~~~~
arm-none-eabi-gcc -o "AM1008W-K-P_Packet.elf" @"objects.list"   -mcpu=cortex-m3 -T"C:\Users\Yoon\Desktop\Git\STM32\FirstClass\AM1008W-K-P_Packet\STM32F103C8TX_FLASH.ld" --specs=nosys.specs -Wl,-Map="AM1008W-K-P_Packet.map" -Wl,--gc-sections -static --specs=nano.specs -mfloat-abi=soft -mthumb -Wl,--start-group -lc -lm -Wl,--end-group
Finished building target: AM1008W-K-P_Packet.elf
 
arm-none-eabi-size  AM1008W-K-P_Packet.elf 
arm-none-eabi-objdump -h -S AM1008W-K-P_Packet.elf  > "AM1008W-K-P_Packet.list"
   text	   data	    bss	    dec	    hex	filename
  12532	     92	   2124	  14748	   399c	AM1008W-K-P_Packet.elf
Finished building: default.size.stdout
 
Finished building: AM1008W-K-P_Packet.list
 
19:51:04 **** Incremental Build of configuration Debug for project AM1008W-K-P_Packet ****
make -j12 all 
arm-none-eabi-gcc "../Core/Src/main.c" -mcpu=cortex-m3 -std=gnu11 -g3 -DDEBUG -DUSE_HAL_DRIVER -DSTM32F103xB -c -I../Core/Inc -I../Drivers/STM32F1xx_HAL_Driver/Inc -I../Drivers/STM32F1xx_HAL_Driver/Inc/Legacy -I../Drivers/CMSIS/Device/ST/STM32F1xx/Include -I../Drivers/CMSIS/Include -O0 -ffunction-sections -fdata-sections -Wall -fstack-usage -fcyclomatic-complexity -MMD -MP -MF"Core/Src/main.d" -MT"Core/Src/main.o" --specs=nano.specs -mfloat-abi=soft -mthumb -o "Core/Src/main.o"
../Core/Src/main.c: In function 'main':
../Core/Src/main.c:122:3: warning: implicit declaration of function 'am1008w_k_i2c_begin' [-Wimplicit-function-declaration]
  122 |   am1008w_k_i2c_begin(&hi2c1);  packet_data.ps.device_id = DEVICE_ID;
      |   ^~~~~~~~~~~~~~~~~~~
../Core/Src/main.c:122:47: error: 'Packet_s' {aka 'struct packet_s'} has no member named 'device_id'
  122 |   am1008w_k_i2c_begin(&hi2c1);  packet_data.ps.device_id = DEVICE_ID;
      |                                               ^
../Core/Src/main.c:122:60: error: 'DEVICE_ID' undeclared (first use in this function)
  122 |   am1008w_k_i2c_begin(&hi2c1);  packet_data.ps.device_id = DEVICE_ID;
      |                                                            ^~~~~~~~~
../Core/Src/main.c:122:60: note: each undeclared identifier is reported only once for each function it appears in
../Core/Src/main.c:142:11: warning: implicit declaration of function 'am1008w_k_i2c_read_data_command' [-Wimplicit-function-declaration]
  142 |           am1008w_k_i2c_read_data_command();
      |           ^~~~~~~~~~~~~~~~~~~~~~~~~~~~~~~
../Core/Src/main.c:144:37: warning: implicit declaration of function 'am1008w_k_i2c_get_humidity' [-Wimplicit-function-declaration]
  144 |           packet_data.ps.humidity = am1008w_k_i2c_get_humidity();
      |                                     ^~~~~~~~~~~~~~~~~~~~~~~~~~
../Core/Src/main.c:145:40: warning: implicit declaration of function 'am1008w_k_i2c_get_temperature' [-Wimplicit-function-declaration]
  145 |           packet_data.ps.temperature = am1008w_k_i2c_get_temperature();
      |                                        ^~~~~~~~~~~~~~~~~~~~~~~~~~~~~
../Core/Src/main.c:146:32: warning: implicit declaration of function 'am1008w_k_i2c_get_voc' [-Wimplicit-function-declaration]
  146 |           packet_data.ps.voc = am1008w_k_i2c_get_voc();
      |                                ^~~~~~~~~~~~~~~~~~~~~
../Core/Src/main.c:147:32: warning: implicit declaration of function 'am1008w_k_i2c_get_co2' [-Wimplicit-function-declaration]
  147 |           packet_data.ps.co2 = am1008w_k_i2c_get_co2();
      |                                ^~~~~~~~~~~~~~~~~~~~~
../Core/Src/main.c:148:34: warning: implicit declaration of function 'am1008w_k_i2c_get_pm1p0' [-Wimplicit-function-declaration]
  148 |           packet_data.ps.pm1p0 = am1008w_k_i2c_get_pm1p0();
      |                                  ^~~~~~~~~~~~~~~~~~~~~~~
../Core/Src/main.c:149:34: warning: implicit declaration of function 'am1008w_k_i2c_get_pm2p5' [-Wimplicit-function-declaration]
  149 |           packet_data.ps.pm2p5 = am1008w_k_i2c_get_pm2p5();
      |                                  ^~~~~~~~~~~~~~~~~~~~~~~
../Core/Src/main.c:150:34: warning: implicit declaration of function 'am1008w_k_i2c_get_pm10' [-Wimplicit-function-declaration]
  150 |           packet_data.ps.pm10  = am1008w_k_i2c_get_pm10();
      |                                  ^~~~~~~~~~~~~~~~~~~~~~
../Core/Src/main.c:151:44: warning: implicit declaration of function 'am1008w_k_i2c_get_voc_now_r_ref_r' [-Wimplicit-function-declaration]
  151 |           packet_data.ps.voc_now_r_ref_r = am1008w_k_i2c_get_voc_now_r_ref_r();
      |                                            ^~~~~~~~~~~~~~~~~~~~~~~~~~~~~~~~~
../Core/Src/main.c:152:38: warning: implicit declaration of function 'am1008w_k_i2c_get_voc_ref_r' [-Wimplicit-function-declaration]
  152 |           packet_data.ps.voc_ref_r = am1008w_k_i2c_get_voc_ref_r();
      |                                      ^~~~~~~~~~~~~~~~~~~~~~~~~~~
../Core/Src/main.c:153:38: warning: implicit declaration of function 'am1008w_k_i2c_get_voc_now_r' [-Wimplicit-function-declaration]
  153 |           packet_data.ps.voc_now_r = am1008w_k_i2c_get_voc_now_r();
      |                                      ^~~~~~~~~~~~~~~~~~~~~~~~~~~
make: *** [Core/Src/subdir.mk:37: Core/Src/main.o] Error 1
"make -j12 all" terminated with exit code 2. Build might be incomplete.
19:51:28 **** Incremental Build of configuration Debug for project AM1008W-K-P_Packet ****
make -j12 all 
arm-none-eabi-gcc "../Core/Src/main.c" -mcpu=cortex-m3 -std=gnu11 -g3 -DDEBUG -DUSE_HAL_DRIVER -DSTM32F103xB -c -I../Core/Inc -I../Drivers/STM32F1xx_HAL_Driver/Inc -I../Drivers/STM32F1xx_HAL_Driver/Inc/Legacy -I../Drivers/CMSIS/Device/ST/STM32F1xx/Include -I../Drivers/CMSIS/Include -O0 -ffunction-sections -fdata-sections -Wall -fstack-usage -fcyclomatic-complexity -MMD -MP -MF"Core/Src/main.d" -MT"Core/Src/main.o" --specs=nano.specs -mfloat-abi=soft -mthumb -o "Core/Src/main.o"
../Core/Src/main.c: In function 'main':
../Core/Src/main.c:122:3: warning: implicit declaration of function 'am1008w_k_i2c_begin' [-Wimplicit-function-declaration]
  122 |   am1008w_k_i2c_begin(&hi2c1);
      |   ^~~~~~~~~~~~~~~~~~~
../Core/Src/main.c:142:11: warning: implicit declaration of function 'am1008w_k_i2c_read_data_command' [-Wimplicit-function-declaration]
  142 |           am1008w_k_i2c_read_data_command();
      |           ^~~~~~~~~~~~~~~~~~~~~~~~~~~~~~~
../Core/Src/main.c:144:37: warning: implicit declaration of function 'am1008w_k_i2c_get_humidity' [-Wimplicit-function-declaration]
  144 |           packet_data.ps.humidity = am1008w_k_i2c_get_humidity();
      |                                     ^~~~~~~~~~~~~~~~~~~~~~~~~~
../Core/Src/main.c:145:40: warning: implicit declaration of function 'am1008w_k_i2c_get_temperature' [-Wimplicit-function-declaration]
  145 |           packet_data.ps.temperature = am1008w_k_i2c_get_temperature();
      |                                        ^~~~~~~~~~~~~~~~~~~~~~~~~~~~~
../Core/Src/main.c:146:32: warning: implicit declaration of function 'am1008w_k_i2c_get_voc' [-Wimplicit-function-declaration]
  146 |           packet_data.ps.voc = am1008w_k_i2c_get_voc();
      |                                ^~~~~~~~~~~~~~~~~~~~~
../Core/Src/main.c:147:32: warning: implicit declaration of function 'am1008w_k_i2c_get_co2' [-Wimplicit-function-declaration]
  147 |           packet_data.ps.co2 = am1008w_k_i2c_get_co2();
      |                                ^~~~~~~~~~~~~~~~~~~~~
../Core/Src/main.c:148:34: warning: implicit declaration of function 'am1008w_k_i2c_get_pm1p0' [-Wimplicit-function-declaration]
  148 |           packet_data.ps.pm1p0 = am1008w_k_i2c_get_pm1p0();
      |                                  ^~~~~~~~~~~~~~~~~~~~~~~
../Core/Src/main.c:149:34: warning: implicit declaration of function 'am1008w_k_i2c_get_pm2p5' [-Wimplicit-function-declaration]
  149 |           packet_data.ps.pm2p5 = am1008w_k_i2c_get_pm2p5();
      |                                  ^~~~~~~~~~~~~~~~~~~~~~~
../Core/Src/main.c:150:34: warning: implicit declaration of function 'am1008w_k_i2c_get_pm10' [-Wimplicit-function-declaration]
  150 |           packet_data.ps.pm10  = am1008w_k_i2c_get_pm10();
      |                                  ^~~~~~~~~~~~~~~~~~~~~~
../Core/Src/main.c:151:44: warning: implicit declaration of function 'am1008w_k_i2c_get_voc_now_r_ref_r' [-Wimplicit-function-declaration]
  151 |           packet_data.ps.voc_now_r_ref_r = am1008w_k_i2c_get_voc_now_r_ref_r();
      |                                            ^~~~~~~~~~~~~~~~~~~~~~~~~~~~~~~~~
../Core/Src/main.c:152:38: warning: implicit declaration of function 'am1008w_k_i2c_get_voc_ref_r' [-Wimplicit-function-declaration]
  152 |           packet_data.ps.voc_ref_r = am1008w_k_i2c_get_voc_ref_r();
      |                                      ^~~~~~~~~~~~~~~~~~~~~~~~~~~
../Core/Src/main.c:153:38: warning: implicit declaration of function 'am1008w_k_i2c_get_voc_now_r' [-Wimplicit-function-declaration]
  153 |           packet_data.ps.voc_now_r = am1008w_k_i2c_get_voc_now_r();
      |                                      ^~~~~~~~~~~~~~~~~~~~~~~~~~~
arm-none-eabi-gcc -o "AM1008W-K-P_Packet.elf" @"objects.list"   -mcpu=cortex-m3 -T"C:\Users\Yoon\Desktop\Git\STM32\FirstClass\AM1008W-K-P_Packet\STM32F103C8TX_FLASH.ld" --specs=nosys.specs -Wl,-Map="AM1008W-K-P_Packet.map" -Wl,--gc-sections -static --specs=nano.specs -mfloat-abi=soft -mthumb -Wl,--start-group -lc -lm -Wl,--end-group
Finished building target: AM1008W-K-P_Packet.elf
 
arm-none-eabi-size  AM1008W-K-P_Packet.elf 
arm-none-eabi-objdump -h -S AM1008W-K-P_Packet.elf  > "AM1008W-K-P_Packet.list"
   text	   data	    bss	    dec	    hex	filename
   9852	     12	   1820	  11684	   2da4	AM1008W-K-P_Packet.elf
Finished building: default.size.stdout
 
Finished building: AM1008W-K-P_Packet.list
 
19:56:13 **** Incremental Build of configuration Debug for project AM1008W-K-P_Packet ****
make -j12 all 
arm-none-eabi-gcc "../Core/Src/main.c" -mcpu=cortex-m3 -std=gnu11 -g3 -DDEBUG -DUSE_HAL_DRIVER -DSTM32F103xB -c -I../Core/Inc -I../Drivers/STM32F1xx_HAL_Driver/Inc -I../Drivers/STM32F1xx_HAL_Driver/Inc/Legacy -I../Drivers/CMSIS/Device/ST/STM32F1xx/Include -I../Drivers/CMSIS/Include -O0 -ffunction-sections -fdata-sections -Wall -fstack-usage -fcyclomatic-complexity -MMD -MP -MF"Core/Src/main.d" -MT"Core/Src/main.o" --specs=nano.specs -mfloat-abi=soft -mthumb -o "Core/Src/main.o"
../Core/Src/main.c: In function 'main':
../Core/Src/main.c:122:3: warning: implicit declaration of function 'am1008w_k_i2c_begin' [-Wimplicit-function-declaration]
  122 |   am1008w_k_i2c_begin(&hi2c1);
      |   ^~~~~~~~~~~~~~~~~~~
../Core/Src/main.c:143:11: warning: implicit declaration of function 'am1008w_k_i2c_read_data_command' [-Wimplicit-function-declaration]
  143 |           am1008w_k_i2c_read_data_command();
      |           ^~~~~~~~~~~~~~~~~~~~~~~~~~~~~~~
../Core/Src/main.c:145:37: warning: implicit declaration of function 'am1008w_k_i2c_get_humidity' [-Wimplicit-function-declaration]
  145 |           packet_data.ps.humidity = am1008w_k_i2c_get_humidity();
      |                                     ^~~~~~~~~~~~~~~~~~~~~~~~~~
../Core/Src/main.c:146:40: warning: implicit declaration of function 'am1008w_k_i2c_get_temperature' [-Wimplicit-function-declaration]
  146 |           packet_data.ps.temperature = am1008w_k_i2c_get_temperature();
      |                                        ^~~~~~~~~~~~~~~~~~~~~~~~~~~~~
../Core/Src/main.c:147:32: warning: implicit declaration of function 'am1008w_k_i2c_get_voc' [-Wimplicit-function-declaration]
  147 |           packet_data.ps.voc = am1008w_k_i2c_get_voc();
      |                                ^~~~~~~~~~~~~~~~~~~~~
../Core/Src/main.c:148:32: warning: implicit declaration of function 'am1008w_k_i2c_get_co2' [-Wimplicit-function-declaration]
  148 |           packet_data.ps.co2 = am1008w_k_i2c_get_co2();
      |                                ^~~~~~~~~~~~~~~~~~~~~
../Core/Src/main.c:149:34: warning: implicit declaration of function 'am1008w_k_i2c_get_pm1p0' [-Wimplicit-function-declaration]
  149 |           packet_data.ps.pm1p0 = am1008w_k_i2c_get_pm1p0();
      |                                  ^~~~~~~~~~~~~~~~~~~~~~~
../Core/Src/main.c:150:34: warning: implicit declaration of function 'am1008w_k_i2c_get_pm2p5' [-Wimplicit-function-declaration]
  150 |           packet_data.ps.pm2p5 = am1008w_k_i2c_get_pm2p5();
      |                                  ^~~~~~~~~~~~~~~~~~~~~~~
../Core/Src/main.c:151:34: warning: implicit declaration of function 'am1008w_k_i2c_get_pm10' [-Wimplicit-function-declaration]
  151 |           packet_data.ps.pm10  = am1008w_k_i2c_get_pm10();
      |                                  ^~~~~~~~~~~~~~~~~~~~~~
../Core/Src/main.c:152:44: warning: implicit declaration of function 'am1008w_k_i2c_get_voc_now_r_ref_r' [-Wimplicit-function-declaration]
  152 |           packet_data.ps.voc_now_r_ref_r = am1008w_k_i2c_get_voc_now_r_ref_r();
      |                                            ^~~~~~~~~~~~~~~~~~~~~~~~~~~~~~~~~
../Core/Src/main.c:153:38: warning: implicit declaration of function 'am1008w_k_i2c_get_voc_ref_r' [-Wimplicit-function-declaration]
  153 |           packet_data.ps.voc_ref_r = am1008w_k_i2c_get_voc_ref_r();
      |                                      ^~~~~~~~~~~~~~~~~~~~~~~~~~~
../Core/Src/main.c:154:38: warning: implicit declaration of function 'am1008w_k_i2c_get_voc_now_r' [-Wimplicit-function-declaration]
  154 |           packet_data.ps.voc_now_r = am1008w_k_i2c_get_voc_now_r();
      |                                      ^~~~~~~~~~~~~~~~~~~~~~~~~~~
../Core/Src/main.c:157:38: warning: pointer targets in passing argument 2 of 'HAL_UART_Transmit' differ in signedness [-Wpointer-sign]
  157 |           HAL_UART_Transmit(&huart1, "\r\n", sizeof(2), 1000);
      |                                      ^~~~~~
      |                                      |
      |                                      char *
In file included from ../Core/Inc/stm32f1xx_hal_conf.h:338,
                 from ../Drivers/STM32F1xx_HAL_Driver/Inc/stm32f1xx_hal.h:29,
                 from ../Core/Inc/main.h:30,
                 from ../Core/Src/main.c:20:
../Drivers/STM32F1xx_HAL_Driver/Inc/stm32f1xx_hal_uart.h:749:79: note: expected 'const uint8_t *' {aka 'const unsigned char *'} but argument is of type 'char *'
  749 | HAL_StatusTypeDef HAL_UART_Transmit(UART_HandleTypeDef *huart, const uint8_t *pData, uint16_t Size, uint32_t Timeout);
      |                                                                ~~~~~~~~~~~~~~~^~~~~
arm-none-eabi-gcc -o "AM1008W-K-P_Packet.elf" @"objects.list"   -mcpu=cortex-m3 -T"C:\Users\Yoon\Desktop\Git\STM32\FirstClass\AM1008W-K-P_Packet\STM32F103C8TX_FLASH.ld" --specs=nosys.specs -Wl,-Map="AM1008W-K-P_Packet.map" -Wl,--gc-sections -static --specs=nano.specs -mfloat-abi=soft -mthumb -Wl,--start-group -lc -lm -Wl,--end-group
Finished building target: AM1008W-K-P_Packet.elf
 
arm-none-eabi-size  AM1008W-K-P_Packet.elf 
arm-none-eabi-objdump -h -S AM1008W-K-P_Packet.elf  > "AM1008W-K-P_Packet.list"
   text	   data	    bss	    dec	    hex	filename
   9876	     12	   1820	  11708	   2dbc	AM1008W-K-P_Packet.elf
Finished building: default.size.stdout
 
Finished building: AM1008W-K-P_Packet.list
 
21:00:14 **** Incremental Build of configuration Debug for project AM1008W-K-P_Packet ****
make -j12 all 
arm-none-eabi-gcc "../Core/Src/main.c" -mcpu=cortex-m3 -std=gnu11 -g3 -DDEBUG -DUSE_HAL_DRIVER -DSTM32F103xB -c -I../Core/Inc -I../Drivers/STM32F1xx_HAL_Driver/Inc -I../Drivers/STM32F1xx_HAL_Driver/Inc/Legacy -I../Drivers/CMSIS/Device/ST/STM32F1xx/Include -I../Drivers/CMSIS/Include -O0 -ffunction-sections -fdata-sections -Wall -fstack-usage -fcyclomatic-complexity -MMD -MP -MF"Core/Src/main.d" -MT"Core/Src/main.o" --specs=nano.specs -mfloat-abi=soft -mthumb -o "Core/Src/main.o"
../Core/Src/main.c: In function 'main':
../Core/Src/main.c:122:3: warning: implicit declaration of function 'am1008w_k_i2c_begin' [-Wimplicit-function-declaration]
  122 |   am1008w_k_i2c_begin(&hi2c1);
      |   ^~~~~~~~~~~~~~~~~~~
../Core/Src/main.c:143:11: warning: implicit declaration of function 'am1008w_k_i2c_read_data_command' [-Wimplicit-function-declaration]
  143 |           am1008w_k_i2c_read_data_command();
      |           ^~~~~~~~~~~~~~~~~~~~~~~~~~~~~~~
../Core/Src/main.c:145:37: warning: implicit declaration of function 'am1008w_k_i2c_get_humidity' [-Wimplicit-function-declaration]
  145 |           packet_data.ps.humidity = am1008w_k_i2c_get_humidity();
      |                                     ^~~~~~~~~~~~~~~~~~~~~~~~~~
../Core/Src/main.c:146:40: warning: implicit declaration of function 'am1008w_k_i2c_get_temperature' [-Wimplicit-function-declaration]
  146 |           packet_data.ps.temperature = am1008w_k_i2c_get_temperature();
      |                                        ^~~~~~~~~~~~~~~~~~~~~~~~~~~~~
../Core/Src/main.c:147:32: warning: implicit declaration of function 'am1008w_k_i2c_get_voc' [-Wimplicit-function-declaration]
  147 |           packet_data.ps.voc = am1008w_k_i2c_get_voc();
      |                                ^~~~~~~~~~~~~~~~~~~~~
../Core/Src/main.c:148:32: warning: implicit declaration of function 'am1008w_k_i2c_get_co2' [-Wimplicit-function-declaration]
  148 |           packet_data.ps.co2 = am1008w_k_i2c_get_co2();
      |                                ^~~~~~~~~~~~~~~~~~~~~
../Core/Src/main.c:149:34: warning: implicit declaration of function 'am1008w_k_i2c_get_pm1p0' [-Wimplicit-function-declaration]
  149 |           packet_data.ps.pm1p0 = am1008w_k_i2c_get_pm1p0();
      |                                  ^~~~~~~~~~~~~~~~~~~~~~~
../Core/Src/main.c:150:34: warning: implicit declaration of function 'am1008w_k_i2c_get_pm2p5' [-Wimplicit-function-declaration]
  150 |           packet_data.ps.pm2p5 = am1008w_k_i2c_get_pm2p5();
      |                                  ^~~~~~~~~~~~~~~~~~~~~~~
../Core/Src/main.c:151:34: warning: implicit declaration of function 'am1008w_k_i2c_get_pm10' [-Wimplicit-function-declaration]
  151 |           packet_data.ps.pm10  = am1008w_k_i2c_get_pm10();
      |                                  ^~~~~~~~~~~~~~~~~~~~~~
../Core/Src/main.c:152:44: warning: implicit declaration of function 'am1008w_k_i2c_get_voc_now_r_ref_r' [-Wimplicit-function-declaration]
  152 |           packet_data.ps.voc_now_r_ref_r = am1008w_k_i2c_get_voc_now_r_ref_r();
      |                                            ^~~~~~~~~~~~~~~~~~~~~~~~~~~~~~~~~
../Core/Src/main.c:153:38: warning: implicit declaration of function 'am1008w_k_i2c_get_voc_ref_r' [-Wimplicit-function-declaration]
  153 |           packet_data.ps.voc_ref_r = am1008w_k_i2c_get_voc_ref_r();
[...]
  749 | HAL_StatusTypeDef HAL_UART_Transmit(UART_HandleTypeDef *huart, const uint8_t *pData, uint16_t Size, uint32_t Timeout);
      |                                                                ~~~~~~~~~~~~~~~^~~~~
arm-none-eabi-gcc -o "AM1008W-K-P_Packet.elf" @"objects.list"   -mcpu=cortex-m3 -T"C:\Users\Yoon\Desktop\Git\STM32\FirstClass\AM1008W-K-P_Packet\STM32F103C8TX_FLASH.ld" --specs=nosys.specs -Wl,-Map="AM1008W-K-P_Packet.map" -Wl,--gc-sections -static --specs=nano.specs -mfloat-abi=soft -mthumb -Wl,--start-group -lc -lm -Wl,--end-group
Finished building target: AM1008W-K-P_Packet.elf
 
arm-none-eabi-size  AM1008W-K-P_Packet.elf 
arm-none-eabi-objdump -h -S AM1008W-K-P_Packet.elf  > "AM1008W-K-P_Packet.list"
   text	   data	    bss	    dec	    hex	filename
   9876	     12	   1820	  11708	   2dbc	AM1008W-K-P_Packet.elf
Finished building: default.size.stdout
 
Finished building: AM1008W-K-P_Packet.list
 
21:23:58 **** Incremental Build of configuration Debug for project AM1008W-K-P_Packet ****
make -j12 all 
arm-none-eabi-size  AM1008W-K-P_Packet.elf 
   text	   data	    bss	    dec	    hex	filename
   9876	     12	   1820	  11708	   2dbc	AM1008W-K-P_Packet.elf
Finished building: default.size.stdout
 
21:25:31 **** Incremental Build of configuration Debug for project AM1008W-K-P_Packet ****
make -j12 all 
arm-none-eabi-size  AM1008W-K-P_Packet.elf 
   text	   data	    bss	    dec	    hex	filename
   9876	     12	   1820	  11708	   2dbc	AM1008W-K-P_Packet.elf
Finished building: default.size.stdout
 
21:25:58 **** Incremental Build of configuration Debug for project AM1008W-K-P_Packet ****
make -j12 all 
arm-none-eabi-size  AM1008W-K-P_Packet.elf 
   text	   data	    bss	    dec	    hex	filename
   9876	     12	   1820	  11708	   2dbc	AM1008W-K-P_Packet.elf
Finished building: default.size.stdout
 
21:28:31 **** Incremental Build of configuration Debug for project AM1008W-K-P_Packet ****
make -j12 all 
arm-none-eabi-gcc "../Core/Src/main.c" -mcpu=cortex-m3 -std=gnu11 -g3 -DDEBUG -DUSE_HAL_DRIVER -DSTM32F103xB -c -I../Core/Inc -I../Drivers/STM32F1xx_HAL_Driver/Inc -I../Drivers/STM32F1xx_HAL_Driver/Inc/Legacy -I../Drivers/CMSIS/Device/ST/STM32F1xx/Include -I../Drivers/CMSIS/Include -O0 -ffunction-sections -fdata-sections -Wall -fstack-usage -fcyclomatic-complexity -MMD -MP -MF"Core/Src/main.d" -MT"Core/Src/main.o" --specs=nano.specs -mfloat-abi=soft -mthumb -o "Core/Src/main.o"
../Core/Src/main.c: In function 'main':
../Core/Src/main.c:122:3: warning: implicit declaration of function 'am1008w_k_i2c_begin' [-Wimplicit-function-declaration]
  122 |   am1008w_k_i2c_begin(&hi2c1);
      |   ^~~~~~~~~~~~~~~~~~~
../Core/Src/main.c:143:11: warning: implicit declaration of function 'am1008w_k_i2c_read_data_command' [-Wimplicit-function-declaration]
  143 |           am1008w_k_i2c_read_data_command();
      |           ^~~~~~~~~~~~~~~~~~~~~~~~~~~~~~~
../Core/Src/main.c:145:37: warning: implicit declaration of function 'am1008w_k_i2c_get_humidity' [-Wimplicit-function-declaration]
  145 |           packet_data.ps.humidity = am1008w_k_i2c_get_humidity();
      |                                     ^~~~~~~~~~~~~~~~~~~~~~~~~~
../Core/Src/main.c:146:40: warning: implicit declaration of function 'am1008w_k_i2c_get_temperature' [-Wimplicit-function-declaration]
  146 |           packet_data.ps.temperature = am1008w_k_i2c_get_temperature();
      |                                        ^~~~~~~~~~~~~~~~~~~~~~~~~~~~~
../Core/Src/main.c:147:32: warning: implicit declaration of function 'am1008w_k_i2c_get_voc' [-Wimplicit-function-declaration]
  147 |           packet_data.ps.voc = am1008w_k_i2c_get_voc();
      |                                ^~~~~~~~~~~~~~~~~~~~~
../Core/Src/main.c:148:32: warning: implicit declaration of function 'am1008w_k_i2c_get_co2' [-Wimplicit-function-declaration]
  148 |           packet_data.ps.co2 = am1008w_k_i2c_get_co2();
      |                                ^~~~~~~~~~~~~~~~~~~~~
../Core/Src/main.c:149:34: warning: implicit declaration of function 'am1008w_k_i2c_get_pm1p0' [-Wimplicit-function-declaration]
  149 |           packet_data.ps.pm1p0 = am1008w_k_i2c_get_pm1p0();
      |                                  ^~~~~~~~~~~~~~~~~~~~~~~
../Core/Src/main.c:150:34: warning: implicit declaration of function 'am1008w_k_i2c_get_pm2p5' [-Wimplicit-function-declaration]
  150 |           packet_data.ps.pm2p5 = am1008w_k_i2c_get_pm2p5();
      |                                  ^~~~~~~~~~~~~~~~~~~~~~~
../Core/Src/main.c:151:34: warning: implicit declaration of function 'am1008w_k_i2c_get_pm10' [-Wimplicit-function-declaration]
  151 |           packet_data.ps.pm10  = am1008w_k_i2c_get_pm10();
      |                                  ^~~~~~~~~~~~~~~~~~~~~~
../Core/Src/main.c:152:44: warning: implicit declaration of function 'am1008w_k_i2c_get_voc_now_r_ref_r' [-Wimplicit-function-declaration]
  152 |           packet_data.ps.voc_now_r_ref_r = am1008w_k_i2c_get_voc_now_r_ref_r();
      |                                            ^~~~~~~~~~~~~~~~~~~~~~~~~~~~~~~~~
../Core/Src/main.c:153:38: warning: implicit declaration of function 'am1008w_k_i2c_get_voc_ref_r' [-Wimplicit-function-declaration]
  153 |           packet_data.ps.voc_ref_r = am1008w_k_i2c_get_voc_ref_r();
      |                                      ^~~~~~~~~~~~~~~~~~~~~~~~~~~
../Core/Src/main.c:154:38: warning: implicit declaration of function 'am1008w_k_i2c_get_voc_now_r' [-Wimplicit-function-declaration]
  154 |           packet_data.ps.voc_now_r = am1008w_k_i2c_get_voc_now_r();
      |                                      ^~~~~~~~~~~~~~~~~~~~~~~~~~~
../Core/Src/main.c:157:38: warning: pointer targets in passing argument 2 of 'HAL_UART_Transmit' differ in signedness [-Wpointer-sign]
  157 |           HAL_UART_Transmit(&huart1, "\r\n", sizeof(2), 1000);
      |                                      ^~~~~~
      |                                      |
      |                                      char *
In file included from ../Core/Inc/stm32f1xx_hal_conf.h:338,
                 from ../Drivers/STM32F1xx_HAL_Driver/Inc/stm32f1xx_hal.h:29,
                 from ../Core/Inc/main.h:30,
                 from ../Core/Src/main.c:20:
../Drivers/STM32F1xx_HAL_Driver/Inc/stm32f1xx_hal_uart.h:749:79: note: expected 'const uint8_t *' {aka 'const unsigned char *'} but argument is of type 'char *'
  749 | HAL_StatusTypeDef HAL_UART_Transmit(UART_HandleTypeDef *huart, const uint8_t *pData, uint16_t Size, uint32_t Timeout);
      |                                                                ~~~~~~~~~~~~~~~^~~~~
arm-none-eabi-gcc -o "AM1008W-K-P_Packet.elf" @"objects.list"   -mcpu=cortex-m3 -T"C:\Users\Yoon\Desktop\Git\STM32\FirstClass\AM1008W-K-P_Packet\STM32F103C8TX_FLASH.ld" --specs=nosys.specs -Wl,-Map="AM1008W-K-P_Packet.map" -Wl,--gc-sections -static --specs=nano.specs -mfloat-abi=soft -mthumb -Wl,--start-group -lc -lm -Wl,--end-group
Finished building target: AM1008W-K-P_Packet.elf
 
arm-none-eabi-size  AM1008W-K-P_Packet.elf 
arm-none-eabi-objdump -h -S AM1008W-K-P_Packet.elf  > "AM1008W-K-P_Packet.list"
   text	   data	    bss	    dec	    hex	filename
   9876	     12	   1820	  11708	   2dbc	AM1008W-K-P_Packet.elf
Finished building: default.size.stdout
 
Finished building: AM1008W-K-P_Packet.list
 
22:38:38 **** Incremental Build of configuration Debug for project AM1008W-K-P_Packet ****
make -j12 all 
arm-none-eabi-gcc "../Core/Src/am1008w_k_i2c.c" -mcpu=cortex-m3 -std=gnu11 -g3 -DDEBUG -DUSE_HAL_DRIVER -DSTM32F103xB -c -I../Core/Inc -I../Drivers/STM32F1xx_HAL_Driver/Inc -I../Drivers/STM32F1xx_HAL_Driver/Inc/Legacy -I../Drivers/CMSIS/Device/ST/STM32F1xx/Include -I../Drivers/CMSIS/Include -O0 -ffunction-sections -fdata-sections -Wall -fstack-usage -fcyclomatic-complexity -MMD -MP -MF"Core/Src/am1008w_k_i2c.d" -MT"Core/Src/am1008w_k_i2c.o" --specs=nano.specs -mfloat-abi=soft -mthumb -o "Core/Src/am1008w_k_i2c.o"
arm-none-eabi-gcc "../Core/Src/main.c" -mcpu=cortex-m3 -std=gnu11 -g3 -DDEBUG -DUSE_HAL_DRIVER -DSTM32F103xB -c -I../Core/Inc -I../Drivers/STM32F1xx_HAL_Driver/Inc -I../Drivers/STM32F1xx_HAL_Driver/Inc/Legacy -I../Drivers/CMSIS/Device/ST/STM32F1xx/Include -I../Drivers/CMSIS/Include -O0 -ffunction-sections -fdata-sections -Wall -fstack-usage -fcyclomatic-complexity -MMD -MP -MF"Core/Src/main.d" -MT"Core/Src/main.o" --specs=nano.specs -mfloat-abi=soft -mthumb -o "Core/Src/main.o"
../Core/Src/am1008w_k_i2c.c: In function 'am1008w_k_i2c_read_data_command':
../Core/Src/am1008w_k_i2c.c:84:13: warning: unused variable 'idx' [-Wunused-variable]
   84 |     uint8_t idx = 0;
      |             ^~~
../Core/Src/main.c: In function 'main':
../Core/Src/main.c:122:3: warning: implicit declaration of function 'am1008w_k_i2c_begin' [-Wimplicit-function-declaration]
  122 |   am1008w_k_i2c_begin(&hi2c1);
      |   ^~~~~~~~~~~~~~~~~~~
../Core/Src/main.c:143:11: warning: implicit declaration of function 'am1008w_k_i2c_read_data_command' [-Wimplicit-function-declaration]
  143 |           am1008w_k_i2c_read_data_command();
      |           ^~~~~~~~~~~~~~~~~~~~~~~~~~~~~~~
../Core/Src/main.c:145:37: warning: implicit declaration of function 'am1008w_k_i2c_get_humidity' [-Wimplicit-function-declaration]
  145 |           packet_data.ps.humidity = am1008w_k_i2c_get_humidity();
      |                                     ^~~~~~~~~~~~~~~~~~~~~~~~~~
../Core/Src/main.c:146:40: warning: implicit declaration of function 'am1008w_k_i2c_get_temperature' [-Wimplicit-function-declaration]
  146 |           packet_data.ps.temperature = am1008w_k_i2c_get_temperature();
      |                                        ^~~~~~~~~~~~~~~~~~~~~~~~~~~~~
../Core/Src/main.c:147:32: warning: implicit declaration of function 'am1008w_k_i2c_get_voc' [-Wimplicit-function-declaration]
  147 |           packet_data.ps.voc = am1008w_k_i2c_get_voc();
      |                                ^~~~~~~~~~~~~~~~~~~~~
../Core/Src/main.c:148:32: warning: implicit declaration of function 'am1008w_k_i2c_get_co2' [-Wimplicit-function-declaration]
  148 |           packet_data.ps.co2 = am1008w_k_i2c_get_co2();
      |                                ^~~~~~~~~~~~~~~~~~~~~
../Core/Src/main.c:149:34: warning: implicit declaration of function 'am1008w_k_i2c_get_pm1p0' [-Wimplicit-function-declaration]
  149 |           packet_data.ps.pm1p0 = am1008w_k_i2c_get_pm1p0();
      |                                  ^~~~~~~~~~~~~~~~~~~~~~~
../Core/Src/main.c:150:34: warning: implicit declaration of function 'am1008w_k_i2c_get_pm2p5' [-Wimplicit-function-declaration]
  150 |           packet_data.ps.pm2p5 = am1008w_k_i2c_get_pm2p5();
      |                                  ^~~~~~~~~~~~~~~~~~~~~~~
../Core/Src/main.c:151:34: warning: implicit declaration of function 'am1008w_k_i2c_get_pm10' [-Wimplicit-function-declaration]
  151 |           packet_data.ps.pm10  = am1008w_k_i2c_get_pm10();
      |                                  ^~~~~~~~~~~~~~~~~~~~~~
../Core/Src/main.c:152:44: warning: implicit declaration of function 'am1008w_k_i2c_get_voc_now_r_ref_r' [-Wimplicit-function-declaration]
  152 |           packet_data.ps.voc_now_r_ref_r = am1008w_k_i2c_get_voc_now_r_ref_r();
      |                                            ^~~~~~~~~~~~~~~~~~~~~~~~~~~~~~~~~
../Core/Src/main.c:153:38: warning: implicit declaration of function 'am1008w_k_i2c_get_voc_ref_r' [-Wimplicit-function-declaration]
  153 |           packet_data.ps.voc_ref_r = am1008w_k_i2c_get_voc_ref_r();
      |                                      ^~~~~~~~~~~~~~~~~~~~~~~~~~~
../Core/Src/main.c:154:38: warning: implicit declaration of function 'am1008w_k_i2c_get_voc_now_r' [-Wimplicit-function-declaration]
  154 |           packet_data.ps.voc_now_r = am1008w_k_i2c_get_voc_now_r();
      |                                      ^~~~~~~~~~~~~~~~~~~~~~~~~~~
../Core/Src/main.c:157:38: warning: pointer targets in passing argument 2 of 'HAL_UART_Transmit' differ in signedness [-Wpointer-sign]
  157 |           HAL_UART_Transmit(&huart1, "\r\n", sizeof(2), 1000);
      |                                      ^~~~~~
      |                                      |
      |                                      char *
In file included from ../Core/Inc/stm32f1xx_hal_conf.h:338,
                 from ../Drivers/STM32F1xx_HAL_Driver/Inc/stm32f1xx_hal.h:29,
                 from ../Core/Inc/main.h:30,
                 from ../Core/Src/main.c:20:
../Drivers/STM32F1xx_HAL_Driver/Inc/stm32f1xx_hal_uart.h:749:79: note: expected 'const uint8_t *' {aka 'const unsigned char *'} but argument is of type 'char *'
  749 | HAL_StatusTypeDef HAL_UART_Transmit(UART_HandleTypeDef *huart, const uint8_t *pData, uint16_t Size, uint32_t Timeout);
      |                                                                ~~~~~~~~~~~~~~~^~~~~
arm-none-eabi-gcc -o "AM1008W-K-P_Packet.elf" @"objects.list"   -mcpu=cortex-m3 -T"C:\Users\Yoon\Desktop\Git\STM32\FirstClass\AM1008W-K-P_Packet\STM32F103C8TX_FLASH.ld" --specs=nosys.specs -Wl,-Map="AM1008W-K-P_Packet.map" -Wl,--gc-sections -static --specs=nano.specs -mfloat-abi=soft -mthumb -Wl,--start-group -lc -lm -Wl,--end-group
Finished building target: AM1008W-K-P_Packet.elf
 
arm-none-eabi-size  AM1008W-K-P_Packet.elf 
arm-none-eabi-objdump -h -S AM1008W-K-P_Packet.elf  > "AM1008W-K-P_Packet.list"
   text	   data	    bss	    dec	    hex	filename
   9868	     12	   1820	  11700	   2db4	AM1008W-K-P_Packet.elf
Finished building: default.size.stdout
 
Finished building: AM1008W-K-P_Packet.list
 
22:42:46 **** Incremental Build of configuration Debug for project AM1008W-K-P_Packet ****
make -j12 all 
arm-none-eabi-gcc "../Core/Src/main.c" -mcpu=cortex-m3 -std=gnu11 -g3 -DDEBUG -DUSE_HAL_DRIVER -DSTM32F103xB -c -I../Core/Inc -I../Drivers/STM32F1xx_HAL_Driver/Inc -I../Drivers/STM32F1xx_HAL_Driver/Inc/Legacy -I../Drivers/CMSIS/Device/ST/STM32F1xx/Include -I../Drivers/CMSIS/Include -O0 -ffunction-sections -fdata-sections -Wall -fstack-usage -fcyclomatic-complexity -MMD -MP -MF"Core/Src/main.d" -MT"Core/Src/main.o" --specs=nano.specs -mfloat-abi=soft -mthumb -o "Core/Src/main.o"
../Core/Src/main.c: In function 'main':
../Core/Src/main.c:122:3: warning: implicit declaration of function 'am1008w_k_i2c_begin' [-Wimplicit-function-declaration]
  122 |   am1008w_k_i2c_begin(&hi2c1);
      |   ^~~~~~~~~~~~~~~~~~~
../Core/Src/main.c:145:11: warning: implicit declaration of function 'am1008w_k_i2c_read_data_command' [-Wimplicit-function-declaration]
  145 |           am1008w_k_i2c_read_data_command();
      |           ^~~~~~~~~~~~~~~~~~~~~~~~~~~~~~~
../Core/Src/main.c:147:37: warning: implicit declaration of function 'am1008w_k_i2c_get_humidity' [-Wimplicit-function-declaration]
  147 |           packet_data.ps.humidity = am1008w_k_i2c_get_humidity();
      |                                     ^~~~~~~~~~~~~~~~~~~~~~~~~~
../Core/Src/main.c:148:40: warning: implicit declaration of function 'am1008w_k_i2c_get_temperature' [-Wimplicit-function-declaration]
  148 |           packet_data.ps.temperature = am1008w_k_i2c_get_temperature();
      |                                        ^~~~~~~~~~~~~~~~~~~~~~~~~~~~~
../Core/Src/main.c:149:32: warning: implicit declaration of function 'am1008w_k_i2c_get_voc' [-Wimplicit-function-declaration]
  149 |           packet_data.ps.voc = am1008w_k_i2c_get_voc();
      |                                ^~~~~~~~~~~~~~~~~~~~~
../Core/Src/main.c:150:32: warning: implicit declaration of function 'am1008w_k_i2c_get_co2' [-Wimplicit-function-declaration]
  150 |           packet_data.ps.co2 = am1008w_k_i2c_get_co2();
      |                                ^~~~~~~~~~~~~~~~~~~~~
../Core/Src/main.c:151:34: warning: implicit declaration of function 'am1008w_k_i2c_get_pm1p0' [-Wimplicit-function-declaration]
  151 |           packet_data.ps.pm1p0 = am1008w_k_i2c_get_pm1p0();
      |                                  ^~~~~~~~~~~~~~~~~~~~~~~
../Core/Src/main.c:152:34: warning: implicit declaration of function 'am1008w_k_i2c_get_pm2p5' [-Wimplicit-function-declaration]
  152 |           packet_data.ps.pm2p5 = am1008w_k_i2c_get_pm2p5();
      |                                  ^~~~~~~~~~~~~~~~~~~~~~~
../Core/Src/main.c:153:34: warning: implicit declaration of function 'am1008w_k_i2c_get_pm10' [-Wimplicit-function-declaration]
  153 |           packet_data.ps.pm10  = am1008w_k_i2c_get_pm10();
      |                                  ^~~~~~~~~~~~~~~~~~~~~~
../Core/Src/main.c:154:44: warning: implicit declaration of function 'am1008w_k_i2c_get_voc_now_r_ref_r' [-Wimplicit-function-declaration]
  154 |           packet_data.ps.voc_now_r_ref_r = am1008w_k_i2c_get_voc_now_r_ref_r();
      |                                            ^~~~~~~~~~~~~~~~~~~~~~~~~~~~~~~~~
../Core/Src/main.c:155:38: warning: implicit declaration of function 'am1008w_k_i2c_get_voc_ref_r' [-Wimplicit-function-declaration]
  155 |           packet_data.ps.voc_ref_r = am1008w_k_i2c_get_voc_ref_r();
      |                                      ^~~~~~~~~~~~~~~~~~~~~~~~~~~
../Core/Src/main.c:156:38: warning: implicit declaration of function 'am1008w_k_i2c_get_voc_now_r' [-Wimplicit-function-declaration]
  156 |           packet_data.ps.voc_now_r = am1008w_k_i2c_get_voc_now_r();
      |                                      ^~~~~~~~~~~~~~~~~~~~~~~~~~~
../Core/Src/main.c:159:47: warning: implicit declaration of function 'strlen' [-Wimplicit-function-declaration]
  159 |           HAL_UART_Transmit(&huart1, newline, strlen(newline), 1000);
      |                                               ^~~~~~
../Core/Src/main.c:21:1: note: include '<string.h>' or provide a declaration of 'strlen'
   20 | #include "main.h"
  +++ |+#include <string.h>
   21 | 
../Core/Src/main.c:159:47: warning: incompatible implicit declaration of built-in function 'strlen' [-Wbuiltin-declaration-mismatch]
  159 |           HAL_UART_Transmit(&huart1, newline, strlen(newline), 1000);
      |                                               ^~~~~~
../Core/Src/main.c:159:47: note: include '<string.h>' or provide a declaration of 'strlen'
../Core/Src/main.c:159:54: warning: pointer targets in passing argument 1 of 'strlen' differ in signedness [-Wpointer-sign]
  159 |           HAL_UART_Transmit(&huart1, newline, strlen(newline), 1000);
      |                                                      ^~~~~~~
      |                                                      |
      |                                                      uint8_t * {aka unsigned char *}
../Core/Src/main.c:159:54: note: expected 'const char *' but argument is of type 'uint8_t *' {aka 'unsigned char *'}
arm-none-eabi-gcc -o "AM1008W-K-P_Packet.elf" @"objects.list"   -mcpu=cortex-m3 -T"C:\Users\Yoon\Desktop\Git\STM32\FirstClass\AM1008W-K-P_Packet\STM32F103C8TX_FLASH.ld" --specs=nosys.specs -Wl,-Map="AM1008W-K-P_Packet.map" -Wl,--gc-sections -static --specs=nano.specs -mfloat-abi=soft -mthumb -Wl,--start-group -lc -lm -Wl,--end-group
Finished building target: AM1008W-K-P_Packet.elf
 
arm-none-eabi-size  AM1008W-K-P_Packet.elf 
arm-none-eabi-objdump -h -S AM1008W-K-P_Packet.elf  > "AM1008W-K-P_Packet.list"
   text	   data	    bss	    dec	    hex	filename
   9920	     12	   1820	  11752	   2de8	AM1008W-K-P_Packet.elf
Finished building: default.size.stdout
 
Finished building: AM1008W-K-P_Packet.list
 
22:44:37 **** Build of configuration Debug for project 20240717_AM1008K ****
make -j12 all 
arm-none-eabi-size  20240717_AM1008K.elf 
   text	   data	    bss	    dec	    hex	filename
  12452	     92	   2124	  14668	   394c	20240717_AM1008K.elf
Finished building: default.size.stdout
 
22:45:01 **** Incremental Build of configuration Debug for project AM1008W-K-P_Packet ****
make -j12 all 
arm-none-eabi-size  AM1008W-K-P_Packet.elf 
   text	   data	    bss	    dec	    hex	filename
   9920	     12	   1820	  11752	   2de8	AM1008W-K-P_Packet.elf
Finished building: default.size.stdout
 
